Component: ARM Compiler 5.06 update 5 (build 528) Tool: armlink [4d35e2]

==============================================================================

Section Cross References

    lcd_b.o(i.DigitalToChar) refers to aeabi_sdiv.o(.text) for __aeabi_uidivmod
    lcd_b.o(i.PrintConstText) refers to lcd.o(i.ClearPage) for ClearPage
    lcd_b.o(i.PrintConstText) refers to lcd.o(i.SetPage) for SetPage
    lcd_b.o(i.PrintConstText) refers to lcd_b.o(i.StrLen) for StrLen
    lcd_b.o(i.PrintConstText) refers to lcd_b.o(i.PrintSymbol) for PrintSymbol
    lcd_b.o(i.PrintSymbol) refers to lcd.o(i.WriteByte) for WriteByte
    lcd_b.o(i.PrintSymbol) refers to lcd_b.o(.data) for Font_6x8_Data
    lcd_b.o(i.PrintText) refers to lcd_b.o(i.StrLen) for StrLen
    lcd_b.o(i.PrintText) refers to lcd_b.o(i.FindPosition) for FindPosition
    lcd_b.o(i.PrintText) refers to lcd_b.o(i.DigitalToChar) for DigitalToChar
    lcd_b.o(i.PrintText) refers to lcd_b.o(i.PrintConstText) for PrintConstText
    lcd.o(i.ClearLCD) refers to lcd.o(i.SetAddress) for SetAddress
    lcd.o(i.ClearLCD) refers to lcd.o(i.SetPage) for SetPage
    lcd.o(i.ClearLCD) refers to lcd.o(i.WriteByte) for WriteByte
    lcd.o(i.ClearPage) refers to lcd.o(i.SetPage) for SetPage
    lcd.o(i.ClearPage) refers to lcd.o(i.SetAddress) for SetAddress
    lcd.o(i.ClearPage) refers to lcd.o(i.Pause8us) for Pause8us
    lcd.o(i.DisplayOnOff) refers to lcd.o(i.Pause8us) for Pause8us
    lcd.o(i.LCDInit) refers to lcd.o(i.PortsForLCD) for PortsForLCD
    lcd.o(i.LCDInit) refers to lcd.o(i.SystemBusInit) for SystemBusInit
    lcd.o(i.LCDInit) refers to lcd.o(i.__SysTickInit) for __SysTickInit
    lcd.o(i.LCDInit) refers to lcd.o(i.ResetLCD) for ResetLCD
    lcd.o(i.LCDInit) refers to lcd.o(i.ClearLCD) for ClearLCD
    lcd.o(i.LCDInit) refers to lcd.o(i.DisplayOnOff) for DisplayOnOff
    lcd.o(i.LCDInit) refers to lcd.o(i.SetStartLine) for SetStartLine
    lcd.o(i.LCDInit) refers to lcd.o(.data) for Flag8us
    lcd.o(i.Pause8us) refers to lcd.o(.data) for Flag8us
    lcd.o(i.ReadByte) refers to lcd.o(i.SetPage) for SetPage
    lcd.o(i.ReadByte) refers to lcd.o(i.SetAddress) for SetAddress
    lcd.o(i.ReadByte) refers to lcd.o(i.Pause8us) for Pause8us
    lcd.o(i.ReadStatus) refers to lcd.o(i.Pause8us) for Pause8us
    lcd.o(i.ResetLCD) refers to lcd.o(i.Pause8us) for Pause8us
    lcd.o(i.SetAddress) refers to lcd.o(i.Pause8us) for Pause8us
    lcd.o(i.SetPage) refers to lcd.o(i.Pause8us) for Pause8us
    lcd.o(i.SetStartLine) refers to lcd.o(i.Pause8us) for Pause8us
    lcd.o(i.SysTick_Handler) refers to lcd.o(.data) for Flag8us
    lcd.o(i.WriteByte) refers to lcd.o(i.SetAddress) for SetAddress
    lcd.o(i.WriteByte) refers to lcd.o(i.Pause8us) for Pause8us
    lcd.o(i.__SysTickInit) refers to lcd.o(.data) for DisableFlag
    startup.o(STACK) refers (Special) to heapauxi.o(.text) for __use_two_region_memory
    startup.o(HEAP) refers (Special) to heapauxi.o(.text) for __use_two_region_memory
    startup.o(RESET) refers (Special) to heapauxi.o(.text) for __use_two_region_memory
    startup.o(RESET) refers to startup.o(STACK) for __initial_sp
    startup.o(RESET) refers to startup.o(.text) for Reset_Handler
    startup.o(RESET) refers to lcd.o(i.SysTick_Handler) for SysTick_Handler
    startup.o(.text) refers (Special) to heapauxi.o(.text) for __use_two_region_memory
    startup.o(.text) refers to __main.o(!!!main) for __main
    startup.o(.text) refers to startup.o(HEAP) for Heap_Mem
    startup.o(.text) refers to startup.o(STACK) for Stack_Mem
    lcdmain.o(i.main) refers to _printf_percent.o(.ARM.Collect$$_printf_percent$$00000000) for _printf_percent
    lcdmain.o(i.main) refers to _printf_d.o(.ARM.Collect$$_printf_percent$$00000009) for _printf_d
    lcdmain.o(i.main) refers to _printf_dec.o(.text) for _printf_int_dec
    lcdmain.o(i.main) refers to lcd.o(i.LCDInit) for LCDInit
    lcdmain.o(i.main) refers to lcd.o(i.ClearLCD) for ClearLCD
    lcdmain.o(i.main) refers to lcd_b.o(i.PrintSymbol) for PrintSymbol
    lcdmain.o(i.main) refers to lcd_b.o(i.PrintConstText) for PrintConstText
    lcdmain.o(i.main) refers to lcd_b.o(i.PrintText) for PrintText
    lcdmain.o(i.main) refers to noretval__2sprintf.o(.text) for __2sprintf
    __2sprintf.o(.text) refers to _printf_char_common.o(.text) for _printf_char_common
    __2sprintf.o(.text) refers to _sputc.o(.text) for _sputc
    noretval__2sprintf.o(.text) refers to _printf_char_common.o(.text) for _printf_char_common
    noretval__2sprintf.o(.text) refers to _sputc.o(.text) for _sputc
    __printf.o(.text) refers to _printf_percent.o(.ARM.Collect$$_printf_percent$$00000000) for _printf_percent
    _printf_dec.o(.text) refers to rtudiv10.o(.text) for __rt_udiv10
    _printf_dec.o(.text) refers to _printf_intcommon.o(.text) for _printf_int_common
    __printf_flags.o(.text) refers to _printf_percent.o(.ARM.Collect$$_printf_percent$$00000000) for _printf_percent
    __printf_flags.o(.text) refers to __printf_flags.o(.constdata) for .constdata
    __printf_ss.o(.text) refers to _printf_percent.o(.ARM.Collect$$_printf_percent$$00000000) for _printf_percent
    __printf_flags_ss.o(.text) refers to _printf_percent.o(.ARM.Collect$$_printf_percent$$00000000) for _printf_percent
    __printf_flags_ss.o(.text) refers to __printf_flags_ss.o(.constdata) for .constdata
    __printf_wp.o(.text) refers to __printf_wp.o(i._is_digit) for _is_digit
    __printf_wp.o(.text) refers to _printf_percent.o(.ARM.Collect$$_printf_percent$$00000000) for _printf_percent
    __printf_flags_wp.o(.text) refers to __printf_wp.o(i._is_digit) for _is_digit
    __printf_flags_wp.o(.text) refers to _printf_percent.o(.ARM.Collect$$_printf_percent$$00000000) for _printf_percent
    __printf_flags_wp.o(.text) refers to __printf_flags_wp.o(.constdata) for .constdata
    __printf_ss_wp.o(.text) refers to __printf_wp.o(i._is_digit) for _is_digit
    __printf_ss_wp.o(.text) refers to _printf_percent.o(.ARM.Collect$$_printf_percent$$00000000) for _printf_percent
    __printf_flags_ss_wp.o(.text) refers to __printf_wp.o(i._is_digit) for _is_digit
    __printf_flags_ss_wp.o(.text) refers to _printf_percent.o(.ARM.Collect$$_printf_percent$$00000000) for _printf_percent
    __printf_flags_ss_wp.o(.text) refers to __printf_flags_ss_wp.o(.constdata) for .constdata
    _printf_d.o(.ARM.Collect$$_printf_percent$$00000009) refers (Weak) to _printf_dec.o(.text) for _printf_int_dec
    _printf_percent.o(.ARM.Collect$$_printf_percent$$00000000) refers (Special) to _printf_percent_end.o(.ARM.Collect$$_printf_percent$$00000017) for _printf_percent_end
    __main.o(!!!main) refers to __rtentry.o(.ARM.Collect$$rtentry$$00000000) for __rt_entry
    __rtentry.o(.ARM.Collect$$rtentry$$00000000) refers (Special) to __rtentry2.o(.ARM.Collect$$rtentry$$0000000A) for __rt_entry_li
    __rtentry.o(.ARM.Collect$$rtentry$$00000000) refers (Special) to __rtentry2.o(.ARM.Collect$$rtentry$$0000000D) for __rt_entry_main
    __rtentry.o(.ARM.Collect$$rtentry$$00000000) refers (Special) to __rtentry2.o(.ARM.Collect$$rtentry$$0000000C) for __rt_entry_postli_1
    __rtentry.o(.ARM.Collect$$rtentry$$00000000) refers (Special) to __rtentry2.o(.ARM.Collect$$rtentry$$00000009) for __rt_entry_postsh_1
    __rtentry.o(.ARM.Collect$$rtentry$$00000000) refers (Special) to __rtentry2.o(.ARM.Collect$$rtentry$$00000002) for __rt_entry_presh_1
    __rtentry.o(.ARM.Collect$$rtentry$$00000000) refers (Special) to __rtentry4.o(.ARM.Collect$$rtentry$$00000004) for __rt_entry_sh
    aeabi_idiv0_sigfpe.o(.text) refers to rt_div0.o(.text) for __rt_div0
    _printf_char_common.o(.text) refers to __printf.o(.text) for __printf
    __rtentry2.o(.ARM.Collect$$rtentry$$00000008) refers to boardinit2.o(.text) for _platform_post_stackheap_init
    __rtentry2.o(.ARM.Collect$$rtentry$$0000000A) refers to libinit.o(.ARM.Collect$$libinit$$00000000) for __rt_lib_init
    __rtentry2.o(.ARM.Collect$$rtentry$$0000000B) refers to boardinit3.o(.text) for _platform_post_lib_init
    __rtentry2.o(.ARM.Collect$$rtentry$$0000000D) refers to lcdmain.o(i.main) for main
    __rtentry2.o(.ARM.Collect$$rtentry$$0000000D) refers to exit.o(.text) for exit
    __rtentry2.o(.ARM.exidx) refers to __rtentry2.o(.ARM.Collect$$rtentry$$00000001) for .ARM.Collect$$rtentry$$00000001
    __rtentry2.o(.ARM.exidx) refers to __rtentry2.o(.ARM.Collect$$rtentry$$00000008) for .ARM.Collect$$rtentry$$00000008
    __rtentry2.o(.ARM.exidx) refers to __rtentry2.o(.ARM.Collect$$rtentry$$0000000A) for .ARM.Collect$$rtentry$$0000000A
    __rtentry2.o(.ARM.exidx) refers to __rtentry2.o(.ARM.Collect$$rtentry$$0000000B) for .ARM.Collect$$rtentry$$0000000B
    __rtentry2.o(.ARM.exidx) refers to __rtentry2.o(.ARM.Collect$$rtentry$$0000000D) for .ARM.Collect$$rtentry$$0000000D
    __rtentry4.o(.ARM.Collect$$rtentry$$00000004) refers to sys_stackheap_outer.o(.text) for __user_setup_stackheap
    __rtentry4.o(.ARM.exidx) refers to __rtentry4.o(.ARM.Collect$$rtentry$$00000004) for .ARM.Collect$$rtentry$$00000004
    rt_div0.o(.text) refers to defsig_fpe_outer.o(.text) for __rt_SIGFPE
    sys_stackheap_outer.o(.text) refers to libspace.o(.text) for __user_perproc_libspace
    sys_stackheap_outer.o(.text) refers to startup.o(.text) for __user_initial_stackheap
    sys_stackheap_outer.o(__vectab_stack_and_reset_area) refers to tempstk.o(.text) for __temporary_stack_top
    sys_stackheap_outer.o(__vectab_stack_and_reset_area) refers to __main.o(!!!main) for __main
    exit.o(.text) refers to rtexit.o(.ARM.Collect$$rtexit$$00000000) for __rt_exit
    defsig_fpe_outer.o(.text) refers to defsig_fpe_inner.o(.text) for __rt_SIGFPE_inner
    defsig_fpe_outer.o(.text) refers to defsig_exit.o(.text) for __sig_exit
    defsig_fpe_formal.o(.text) refers to rt_raise.o(.text) for __rt_raise
    libinit.o(.ARM.Collect$$libinit$$00000000) refers (Special) to libinit2.o(.ARM.Collect$$libinit$$0000002E) for __rt_lib_init_alloca_1
    libinit.o(.ARM.Collect$$libinit$$00000000) refers (Special) to libinit2.o(.ARM.Collect$$libinit$$0000002C) for __rt_lib_init_argv_1
    libinit.o(.ARM.Collect$$libinit$$00000000) refers (Special) to libinit2.o(.ARM.Collect$$libinit$$0000001B) for __rt_lib_init_atexit_1
    libinit.o(.ARM.Collect$$libinit$$00000000) refers (Special) to libinit2.o(.ARM.Collect$$libinit$$00000021) for __rt_lib_init_clock_1
    libinit.o(.ARM.Collect$$libinit$$00000000) refers (Special) to libinit2.o(.ARM.Collect$$libinit$$00000032) for __rt_lib_init_cpp_1
    libinit.o(.ARM.Collect$$libinit$$00000000) refers (Special) to libinit2.o(.ARM.Collect$$libinit$$00000030) for __rt_lib_init_exceptions_1
    libinit.o(.ARM.Collect$$libinit$$00000000) refers (Special) to libinit2.o(.ARM.Collect$$libinit$$00000002) for __rt_lib_init_fp_1
    libinit.o(.ARM.Collect$$libinit$$00000000) refers (Special) to libinit2.o(.ARM.Collect$$libinit$$0000001F) for __rt_lib_init_fp_trap_1
    libinit.o(.ARM.Collect$$libinit$$00000000) refers (Special) to libinit2.o(.ARM.Collect$$libinit$$00000023) for __rt_lib_init_getenv_1
    libinit.o(.ARM.Collect$$libinit$$00000000) refers (Special) to libinit2.o(.ARM.Collect$$libinit$$0000000A) for __rt_lib_init_heap_1
    libinit.o(.ARM.Collect$$libinit$$00000000) refers (Special) to libinit2.o(.ARM.Collect$$libinit$$00000011) for __rt_lib_init_lc_collate_1
    libinit.o(.ARM.Collect$$libinit$$00000000) refers (Special) to libinit2.o(.ARM.Collect$$libinit$$00000013) for __rt_lib_init_lc_ctype_1
    libinit.o(.ARM.Collect$$libinit$$00000000) refers (Special) to libinit2.o(.ARM.Collect$$libinit$$00000015) for __rt_lib_init_lc_monetary_1
    libinit.o(.ARM.Collect$$libinit$$00000000) refers (Special) to libinit2.o(.ARM.Collect$$libinit$$00000017) for __rt_lib_init_lc_numeric_1
    libinit.o(.ARM.Collect$$libinit$$00000000) refers (Special) to libinit2.o(.ARM.Collect$$libinit$$00000019) for __rt_lib_init_lc_time_1
    libinit.o(.ARM.Collect$$libinit$$00000000) refers (Special) to libinit2.o(.ARM.Collect$$libinit$$00000004) for __rt_lib_init_preinit_1
    libinit.o(.ARM.Collect$$libinit$$00000000) refers (Special) to libinit2.o(.ARM.Collect$$libinit$$0000000E) for __rt_lib_init_rand_1
    libinit.o(.ARM.Collect$$libinit$$00000000) refers (Special) to libinit2.o(.ARM.Collect$$libinit$$00000033) for __rt_lib_init_return
    libinit.o(.ARM.Collect$$libinit$$00000000) refers (Special) to libinit2.o(.ARM.Collect$$libinit$$0000001D) for __rt_lib_init_signal_1
    libinit.o(.ARM.Collect$$libinit$$00000000) refers (Special) to libinit2.o(.ARM.Collect$$libinit$$00000025) for __rt_lib_init_stdio_1
    libinit.o(.ARM.Collect$$libinit$$00000000) refers (Special) to libinit2.o(.ARM.Collect$$libinit$$0000000C) for __rt_lib_init_user_alloc_1
    libspace.o(.text) refers to libspace.o(.bss) for __libspace_start
    rtexit.o(.ARM.Collect$$rtexit$$00000000) refers (Special) to rtexit2.o(.ARM.Collect$$rtexit$$00000004) for __rt_exit_exit
    rtexit.o(.ARM.Collect$$rtexit$$00000000) refers (Special) to rtexit2.o(.ARM.Collect$$rtexit$$00000003) for __rt_exit_ls
    rtexit.o(.ARM.Collect$$rtexit$$00000000) refers (Special) to rtexit2.o(.ARM.Collect$$rtexit$$00000002) for __rt_exit_prels_1
    rtexit.o(.ARM.exidx) refers (Special) to rtexit2.o(.ARM.Collect$$rtexit$$00000004) for __rt_exit_exit
    rtexit.o(.ARM.exidx) refers (Special) to rtexit2.o(.ARM.Collect$$rtexit$$00000003) for __rt_exit_ls
    rtexit.o(.ARM.exidx) refers (Special) to rtexit2.o(.ARM.Collect$$rtexit$$00000002) for __rt_exit_prels_1
    rtexit.o(.ARM.exidx) refers to rtexit.o(.ARM.Collect$$rtexit$$00000000) for .ARM.Collect$$rtexit$$00000000
    rt_raise.o(.text) refers to __raise.o(.text) for __raise
    rt_raise.o(.text) refers to sys_exit.o(.text) for _sys_exit
    defsig_exit.o(.text) refers to sys_exit.o(.text) for _sys_exit
    defsig_fpe_inner.o(.text) refers to defsig_general.o(.text) for __default_signal_display
    libinit2.o(.ARM.Collect$$libinit$$00000010) refers to libinit2.o(.ARM.Collect$$libinit$$0000000F) for .ARM.Collect$$libinit$$0000000F
    libinit2.o(.ARM.Collect$$libinit$$00000012) refers to libinit2.o(.ARM.Collect$$libinit$$0000000F) for .ARM.Collect$$libinit$$0000000F
    libinit2.o(.ARM.Collect$$libinit$$00000014) refers to libinit2.o(.ARM.Collect$$libinit$$0000000F) for .ARM.Collect$$libinit$$0000000F
    libinit2.o(.ARM.Collect$$libinit$$00000016) refers to libinit2.o(.ARM.Collect$$libinit$$0000000F) for .ARM.Collect$$libinit$$0000000F
    libinit2.o(.ARM.Collect$$libinit$$00000018) refers to libinit2.o(.ARM.Collect$$libinit$$0000000F) for .ARM.Collect$$libinit$$0000000F
    libinit2.o(.ARM.Collect$$libinit$$00000026) refers to argv_veneer.o(.text) for __ARM_argv_veneer
    libinit2.o(.ARM.Collect$$libinit$$00000027) refers to argv_veneer.o(.text) for __ARM_argv_veneer
    sys_exit.o(.text) refers (Special) to use_no_semi.o(.text) for __I$use$semihosting
    sys_exit.o(.text) refers (Special) to indicate_semi.o(.text) for __semihosting_library_function
    rtexit2.o(.ARM.Collect$$rtexit$$00000003) refers to libshutdown.o(.ARM.Collect$$libshutdown$$00000000) for __rt_lib_shutdown
    rtexit2.o(.ARM.Collect$$rtexit$$00000004) refers to sys_exit.o(.text) for _sys_exit
    rtexit2.o(.ARM.exidx) refers to rtexit2.o(.ARM.Collect$$rtexit$$00000001) for .ARM.Collect$$rtexit$$00000001
    rtexit2.o(.ARM.exidx) refers to rtexit2.o(.ARM.Collect$$rtexit$$00000003) for .ARM.Collect$$rtexit$$00000003
    rtexit2.o(.ARM.exidx) refers to rtexit2.o(.ARM.Collect$$rtexit$$00000004) for .ARM.Collect$$rtexit$$00000004
    __raise.o(.text) refers to defsig.o(CL$$defsig) for __default_signal_handler
    defsig_general.o(.text) refers to sys_wrch.o(.text) for _ttywrch
    sys_wrch.o(.text) refers (Special) to use_no_semi.o(.text) for __I$use$semihosting
    sys_wrch.o(.text) refers (Special) to indicate_semi.o(.text) for __semihosting_library_function
    defsig.o(CL$$defsig) refers to defsig_fpe_inner.o(.text) for __rt_SIGFPE_inner
    defsig.o(CL$$defsig) refers to defsig_rtmem_inner.o(.text) for __rt_SIGRTMEM_inner
    _get_argv_nomalloc.o(.text) refers (Special) to hrguard.o(.text) for __heap_region$guard
    _get_argv_nomalloc.o(.text) refers to defsig_rtmem_outer.o(.text) for __rt_SIGRTMEM
    _get_argv_nomalloc.o(.text) refers to sys_command.o(.text) for _sys_command_string
    libshutdown.o(.ARM.Collect$$libshutdown$$00000000) refers (Special) to libshutdown2.o(.ARM.Collect$$libshutdown$$00000002) for __rt_lib_shutdown_cpp_1
    libshutdown.o(.ARM.Collect$$libshutdown$$00000000) refers (Special) to libshutdown2.o(.ARM.Collect$$libshutdown$$00000007) for __rt_lib_shutdown_fp_trap_1
    libshutdown.o(.ARM.Collect$$libshutdown$$00000000) refers (Special) to libshutdown2.o(.ARM.Collect$$libshutdown$$0000000F) for __rt_lib_shutdown_heap_1
    libshutdown.o(.ARM.Collect$$libshutdown$$00000000) refers (Special) to libshutdown2.o(.ARM.Collect$$libshutdown$$00000010) for __rt_lib_shutdown_return
    libshutdown.o(.ARM.Collect$$libshutdown$$00000000) refers (Special) to libshutdown2.o(.ARM.Collect$$libshutdown$$0000000A) for __rt_lib_shutdown_signal_1
    libshutdown.o(.ARM.Collect$$libshutdown$$00000000) refers (Special) to libshutdown2.o(.ARM.Collect$$libshutdown$$00000004) for __rt_lib_shutdown_stdio_1
    libshutdown.o(.ARM.Collect$$libshutdown$$00000000) refers (Special) to libshutdown2.o(.ARM.Collect$$libshutdown$$0000000C) for __rt_lib_shutdown_user_alloc_1
    sys_command.o(.text) refers (Special) to use_no_semi.o(.text) for __I$use$semihosting
    sys_command.o(.text) refers (Special) to indicate_semi.o(.text) for __semihosting_library_function
    defsig_abrt_inner.o(.text) refers to defsig_general.o(.text) for __default_signal_display
    defsig_rtred_inner.o(.text) refers to defsig_general.o(.text) for __default_signal_display
    defsig_rtmem_inner.o(.text) refers to defsig_general.o(.text) for __default_signal_display
    defsig_rtmem_outer.o(.text) refers to defsig_rtmem_inner.o(.text) for __rt_SIGRTMEM_inner
    defsig_rtmem_outer.o(.text) refers to defsig_exit.o(.text) for __sig_exit
    defsig_rtmem_formal.o(.text) refers to rt_raise.o(.text) for __rt_raise
    defsig_stak_inner.o(.text) refers to defsig_general.o(.text) for __default_signal_display
    defsig_pvfn_inner.o(.text) refers to defsig_general.o(.text) for __default_signal_display
    defsig_cppl_inner.o(.text) refers to defsig_general.o(.text) for __default_signal_display
    defsig_segv_inner.o(.text) refers to defsig_general.o(.text) for __default_signal_display
    defsig_other.o(.text) refers to defsig_general.o(.text) for __default_signal_display


==============================================================================

Removing Unused input sections from the image.

    Removing lcd.o(i.ReadByte), (80 bytes).
    Removing lcd.o(i.ReadStatus), (30 bytes).
    Removing lcd.o(i.DisableSysTick), (12 bytes).
    Removing lcd.o(i.EnableSysTick), (12 bytes).

4 unused section(s) (total 134 bytes) removed from the image.

==============================================================================

Image Symbol Table

    Local Symbols

    Symbol Name                              Value     Ov Type        Size  Object(Section)

    RESET                                    0x00000000   Section      192  startup.o(RESET)
    ../clib/../cmprslib/zerorunl2.c          0x00000000   Number         0  __dczerorl2.o ABSOLUTE
    ../clib/angel/boardlib.s                 0x00000000   Number         0  boardinit2.o ABSOLUTE
    ../clib/angel/boardlib.s                 0x00000000   Number         0  boardinit1.o ABSOLUTE
    ../clib/angel/boardlib.s                 0x00000000   Number         0  boardinit3.o ABSOLUTE
    ../clib/angel/boardlib.s                 0x00000000   Number         0  boardshut.o ABSOLUTE
    ../clib/angel/handlers.s                 0x00000000   Number         0  __scatter_zi.o ABSOLUTE
    ../clib/angel/kernel.s                   0x00000000   Number         0  __rtentry.o ABSOLUTE
    ../clib/angel/kernel.s                   0x00000000   Number         0  __rtentry4.o ABSOLUTE
    ../clib/angel/kernel.s                   0x00000000   Number         0  __rtentry2.o ABSOLUTE
    ../clib/angel/kernel.s                   0x00000000   Number         0  rtexit.o ABSOLUTE
    ../clib/angel/kernel.s                   0x00000000   Number         0  rtexit2.o ABSOLUTE
    ../clib/angel/rt.s                       0x00000000   Number         0  rt_raise.o ABSOLUTE
    ../clib/angel/rt.s                       0x00000000   Number         0  rt_div0.o ABSOLUTE
    ../clib/angel/rt.s                       0x00000000   Number         0  aeabi_idiv0.o ABSOLUTE
    ../clib/angel/rt.s                       0x00000000   Number         0  aeabi_idiv0_sigfpe.o ABSOLUTE
    ../clib/angel/scatterp.s                 0x00000000   Number         0  __scatter.o ABSOLUTE
    ../clib/angel/startup.s                  0x00000000   Number         0  __main.o ABSOLUTE
    ../clib/angel/sys.s                      0x00000000   Number         0  sys_stackheap_outer.o ABSOLUTE
    ../clib/angel/sys.s                      0x00000000   Number         0  libspace.o ABSOLUTE
    ../clib/angel/sys.s                      0x00000000   Number         0  indicate_semi.o ABSOLUTE
    ../clib/angel/sys.s                      0x00000000   Number         0  use_no_semi.o ABSOLUTE
    ../clib/angel/sys.s                      0x00000000   Number         0  tempstk.o ABSOLUTE
    ../clib/angel/sysapp.c                   0x00000000   Number         0  sys_command.o ABSOLUTE
    ../clib/angel/sysapp.c                   0x00000000   Number         0  sys_exit.o ABSOLUTE
    ../clib/angel/sysapp.c                   0x00000000   Number         0  sys_wrch.o ABSOLUTE
    ../clib/armsys.c                         0x00000000   Number         0  argv_veneer.o ABSOLUTE
    ../clib/armsys.c                         0x00000000   Number         0  _get_argv_nomalloc.o ABSOLUTE
    ../clib/armsys.c                         0x00000000   Number         0  no_argv.o ABSOLUTE
    ../clib/division.c                       0x00000000   Number         0  rtudiv10.o ABSOLUTE
    ../clib/division.s                       0x00000000   Number         0  aeabi_sdiv_div0.o ABSOLUTE
    ../clib/division.s                       0x00000000   Number         0  aeabi_sdiv.o ABSOLUTE
    ../clib/heapalloc.c                      0x00000000   Number         0  hrguard.o ABSOLUTE
    ../clib/heapaux.c                        0x00000000   Number         0  heapauxi.o ABSOLUTE
    ../clib/libinit.s                        0x00000000   Number         0  libshutdown.o ABSOLUTE
    ../clib/libinit.s                        0x00000000   Number         0  libinit2.o ABSOLUTE
    ../clib/libinit.s                        0x00000000   Number         0  libshutdown2.o ABSOLUTE
    ../clib/libinit.s                        0x00000000   Number         0  libinit.o ABSOLUTE
    ../clib/printf.c                         0x00000000   Number         0  _printf_intcommon.o ABSOLUTE
    ../clib/printf.c                         0x00000000   Number         0  __printf_nopercent.o ABSOLUTE
    ../clib/printf.c                         0x00000000   Number         0  __2sprintf.o ABSOLUTE
    ../clib/printf.c                         0x00000000   Number         0  noretval__2sprintf.o ABSOLUTE
    ../clib/printf.c                         0x00000000   Number         0  __printf.o ABSOLUTE
    ../clib/printf.c                         0x00000000   Number         0  _printf_char_common.o ABSOLUTE
    ../clib/printf.c                         0x00000000   Number         0  __printf_flags.o ABSOLUTE
    ../clib/printf.c                         0x00000000   Number         0  __printf_ss.o ABSOLUTE
    ../clib/printf.c                         0x00000000   Number         0  __printf_flags_ss.o ABSOLUTE
    ../clib/printf.c                         0x00000000   Number         0  __printf_wp.o ABSOLUTE
    ../clib/printf.c                         0x00000000   Number         0  __printf_flags_wp.o ABSOLUTE
    ../clib/printf.c                         0x00000000   Number         0  _printf_dec.o ABSOLUTE
    ../clib/printf.c                         0x00000000   Number         0  __printf_flags_ss_wp.o ABSOLUTE
    ../clib/printf.c                         0x00000000   Number         0  _sputc.o ABSOLUTE
    ../clib/printf.c                         0x00000000   Number         0  __printf_ss_wp.o ABSOLUTE
    ../clib/printf_percent.s                 0x00000000   Number         0  _printf_d.o ABSOLUTE
    ../clib/printf_percent.s                 0x00000000   Number         0  _printf_percent_end.o ABSOLUTE
    ../clib/printf_percent.s                 0x00000000   Number         0  _printf_percent.o ABSOLUTE
    ../clib/signal.c                         0x00000000   Number         0  defsig_rtred_inner.o ABSOLUTE
    ../clib/signal.c                         0x00000000   Number         0  defsig_rtmem_outer.o ABSOLUTE
    ../clib/signal.c                         0x00000000   Number         0  defsig_rtmem_formal.o ABSOLUTE
    ../clib/signal.c                         0x00000000   Number         0  defsig_stak_inner.o ABSOLUTE
    ../clib/signal.c                         0x00000000   Number         0  defsig_cppl_inner.o ABSOLUTE
    ../clib/signal.c                         0x00000000   Number         0  defsig_segv_inner.o ABSOLUTE
    ../clib/signal.c                         0x00000000   Number         0  defsig_other.o ABSOLUTE
    ../clib/signal.c                         0x00000000   Number         0  defsig_fpe_inner.o ABSOLUTE
    ../clib/signal.c                         0x00000000   Number         0  defsig_exit.o ABSOLUTE
    ../clib/signal.c                         0x00000000   Number         0  defsig_pvfn_inner.o ABSOLUTE
    ../clib/signal.c                         0x00000000   Number         0  defsig_fpe_formal.o ABSOLUTE
    ../clib/signal.c                         0x00000000   Number         0  defsig_fpe_outer.o ABSOLUTE
    ../clib/signal.c                         0x00000000   Number         0  defsig_rtmem_inner.o ABSOLUTE
    ../clib/signal.c                         0x00000000   Number         0  __raise.o ABSOLUTE
    ../clib/signal.c                         0x00000000   Number         0  defsig_general.o ABSOLUTE
    ../clib/signal.c                         0x00000000   Number         0  defsig_abrt_inner.o ABSOLUTE
    ../clib/signal.s                         0x00000000   Number         0  defsig.o ABSOLUTE
    ../clib/stdlib.c                         0x00000000   Number         0  exit.o ABSOLUTE
    ../fplib/cfplib/fpinit.c                 0x00000000   Number         0  fpinit.o ABSOLUTE
    LCD.c                                    0x00000000   Number         0  lcd.o ABSOLUTE
    LCDMain.c                                0x00000000   Number         0  lcdmain.o ABSOLUTE
    LCD_b.c                                  0x00000000   Number         0  lcd_b.o ABSOLUTE
    Startup.s                                0x00000000   Number         0  startup.o ABSOLUTE
    dc.s                                     0x00000000   Number         0  dc.o ABSOLUTE
    !!!main                                  0x000000c0   Section        8  __main.o(!!!main)
    !!!scatter                               0x000000c8   Section       60  __scatter.o(!!!scatter)
    !!handler_zi                             0x00000104   Section       28  __scatter_zi.o(!!handler_zi)
    .ARM.Collect$$_printf_percent$$00000000  0x00000120   Section        2  _printf_percent.o(.ARM.Collect$$_printf_percent$$00000000)
    .ARM.Collect$$_printf_percent$$00000009  0x00000122   Section       10  _printf_d.o(.ARM.Collect$$_printf_percent$$00000009)
    .ARM.Collect$$_printf_percent$$00000017  0x0000012c   Section        4  _printf_percent_end.o(.ARM.Collect$$_printf_percent$$00000017)
    .ARM.Collect$$libinit$$00000000          0x00000130   Section        2  libinit.o(.ARM.Collect$$libinit$$00000000)
    .ARM.Collect$$libinit$$00000002          0x00000132   Section        0  libinit2.o(.ARM.Collect$$libinit$$00000002)
    .ARM.Collect$$libinit$$00000004          0x00000132   Section        0  libinit2.o(.ARM.Collect$$libinit$$00000004)
    .ARM.Collect$$libinit$$0000000A          0x00000132   Section        0  libinit2.o(.ARM.Collect$$libinit$$0000000A)
    .ARM.Collect$$libinit$$0000000C          0x00000132   Section        0  libinit2.o(.ARM.Collect$$libinit$$0000000C)
    .ARM.Collect$$libinit$$0000000E          0x00000132   Section        0  libinit2.o(.ARM.Collect$$libinit$$0000000E)
    .ARM.Collect$$libinit$$00000011          0x00000132   Section        0  libinit2.o(.ARM.Collect$$libinit$$00000011)
    .ARM.Collect$$libinit$$00000013          0x00000132   Section        0  libinit2.o(.ARM.Collect$$libinit$$00000013)
    .ARM.Collect$$libinit$$00000015          0x00000132   Section        0  libinit2.o(.ARM.Collect$$libinit$$00000015)
    .ARM.Collect$$libinit$$00000017          0x00000132   Section        0  libinit2.o(.ARM.Collect$$libinit$$00000017)
    .ARM.Collect$$libinit$$00000019          0x00000132   Section        0  libinit2.o(.ARM.Collect$$libinit$$00000019)
    .ARM.Collect$$libinit$$0000001B          0x00000132   Section        0  libinit2.o(.ARM.Collect$$libinit$$0000001B)
    .ARM.Collect$$libinit$$0000001D          0x00000132   Section        0  libinit2.o(.ARM.Collect$$libinit$$0000001D)
    .ARM.Collect$$libinit$$0000001F          0x00000132   Section        0  libinit2.o(.ARM.Collect$$libinit$$0000001F)
    .ARM.Collect$$libinit$$00000021          0x00000132   Section        0  libinit2.o(.ARM.Collect$$libinit$$00000021)
    .ARM.Collect$$libinit$$00000023          0x00000132   Section        0  libinit2.o(.ARM.Collect$$libinit$$00000023)
    .ARM.Collect$$libinit$$00000025          0x00000132   Section        0  libinit2.o(.ARM.Collect$$libinit$$00000025)
    .ARM.Collect$$libinit$$0000002C          0x00000132   Section        0  libinit2.o(.ARM.Collect$$libinit$$0000002C)
    .ARM.Collect$$libinit$$0000002E          0x00000132   Section        0  libinit2.o(.ARM.Collect$$libinit$$0000002E)
    .ARM.Collect$$libinit$$00000030          0x00000132   Section        0  libinit2.o(.ARM.Collect$$libinit$$00000030)
    .ARM.Collect$$libinit$$00000032          0x00000132   Section        0  libinit2.o(.ARM.Collect$$libinit$$00000032)
    .ARM.Collect$$libinit$$00000033          0x00000132   Section        2  libinit2.o(.ARM.Collect$$libinit$$00000033)
    .ARM.Collect$$libshutdown$$00000000      0x00000134   Section        2  libshutdown.o(.ARM.Collect$$libshutdown$$00000000)
    .ARM.Collect$$libshutdown$$00000002      0x00000136   Section        0  libshutdown2.o(.ARM.Collect$$libshutdown$$00000002)
    .ARM.Collect$$libshutdown$$00000004      0x00000136   Section        0  libshutdown2.o(.ARM.Collect$$libshutdown$$00000004)
    .ARM.Collect$$libshutdown$$00000007      0x00000136   Section        0  libshutdown2.o(.ARM.Collect$$libshutdown$$00000007)
    .ARM.Collect$$libshutdown$$0000000A      0x00000136   Section        0  libshutdown2.o(.ARM.Collect$$libshutdown$$0000000A)
    .ARM.Collect$$libshutdown$$0000000C      0x00000136   Section        0  libshutdown2.o(.ARM.Collect$$libshutdown$$0000000C)
    .ARM.Collect$$libshutdown$$0000000F      0x00000136   Section        0  libshutdown2.o(.ARM.Collect$$libshutdown$$0000000F)
    .ARM.Collect$$libshutdown$$00000010      0x00000136   Section        2  libshutdown2.o(.ARM.Collect$$libshutdown$$00000010)
    .ARM.Collect$$rtentry$$00000000          0x00000138   Section        0  __rtentry.o(.ARM.Collect$$rtentry$$00000000)
    .ARM.Collect$$rtentry$$00000002          0x00000138   Section        0  __rtentry2.o(.ARM.Collect$$rtentry$$00000002)
    .ARM.Collect$$rtentry$$00000004          0x00000138   Section        6  __rtentry4.o(.ARM.Collect$$rtentry$$00000004)
    .ARM.Collect$$rtentry$$00000009          0x0000013e   Section        0  __rtentry2.o(.ARM.Collect$$rtentry$$00000009)
    .ARM.Collect$$rtentry$$0000000A          0x0000013e   Section        4  __rtentry2.o(.ARM.Collect$$rtentry$$0000000A)
    .ARM.Collect$$rtentry$$0000000C          0x00000142   Section        0  __rtentry2.o(.ARM.Collect$$rtentry$$0000000C)
    .ARM.Collect$$rtentry$$0000000D          0x00000142   Section        8  __rtentry2.o(.ARM.Collect$$rtentry$$0000000D)
    .ARM.Collect$$rtexit$$00000000           0x0000014a   Section        2  rtexit.o(.ARM.Collect$$rtexit$$00000000)
    .ARM.Collect$$rtexit$$00000002           0x0000014c   Section        0  rtexit2.o(.ARM.Collect$$rtexit$$00000002)
    .ARM.Collect$$rtexit$$00000003           0x0000014c   Section        4  rtexit2.o(.ARM.Collect$$rtexit$$00000003)
    .ARM.Collect$$rtexit$$00000004           0x00000150   Section        6  rtexit2.o(.ARM.Collect$$rtexit$$00000004)
    .text                                    0x00000158   Section      108  startup.o(.text)
    .text                                    0x000001c4   Section        0  noretval__2sprintf.o(.text)
    .text                                    0x000001ec   Section        0  __printf.o(.text)
    .text                                    0x00000258   Section        0  _printf_dec.o(.text)
    .text                                    0x000002c4   Section      346  aeabi_sdiv.o(.text)
    .text                                    0x0000041e   Section        0  heapauxi.o(.text)
    .text                                    0x00000424   Section        0  _printf_intcommon.o(.text)
    .text                                    0x000004d4   Section        0  _printf_char_common.o(.text)
    _printf_input_char                       0x000004d5   Thumb Code    10  _printf_char_common.o(.text)
    .text                                    0x00000504   Section        0  _sputc.o(.text)
    .text                                    0x0000050e   Section        0  rtudiv10.o(.text)
    .text                                    0x00000536   Section       62  sys_stackheap_outer.o(.text)
    .text                                    0x00000574   Section        0  exit.o(.text)
    .text                                    0x00000584   Section        8  libspace.o(.text)
    .text                                    0x0000058c   Section        0  sys_exit.o(.text)
    .text                                    0x00000598   Section        2  use_no_semi.o(.text)
    .text                                    0x0000059a   Section        0  indicate_semi.o(.text)
    .text                                    0x0000059a   Section        0  __dczerorl2.o(.text)
    i.ClearLCD                               0x000005f0   Section        0  lcd.o(i.ClearLCD)
    i.ClearPage                              0x00000664   Section        0  lcd.o(i.ClearPage)
    i.DigitalToChar                          0x000006bc   Section        0  lcd_b.o(i.DigitalToChar)
    i.DisplayOnOff                           0x00000742   Section        0  lcd.o(i.DisplayOnOff)
    i.FindPosition                           0x0000075c   Section        0  lcd_b.o(i.FindPosition)
    i.LCDInit                                0x0000077c   Section        0  lcd.o(i.LCDInit)
    i.Pause8us                               0x000007bc   Section        0  lcd.o(i.Pause8us)
    i.PortsForLCD                            0x000007e8   Section        0  lcd.o(i.PortsForLCD)
    i.PrintConstText                         0x000008ac   Section        0  lcd_b.o(i.PrintConstText)
    i.PrintSymbol                            0x000008fc   Section        0  lcd_b.o(i.PrintSymbol)
    i.PrintText                              0x0000092c   Section        0  lcd_b.o(i.PrintText)
    i.ResetLCD                               0x000009e0   Section        0  lcd.o(i.ResetLCD)
    i.SetAddress                             0x000009fc   Section        0  lcd.o(i.SetAddress)
    i.SetPage                                0x00000a28   Section        0  lcd.o(i.SetPage)
    i.SetStartLine                           0x00000a54   Section        0  lcd.o(i.SetStartLine)
    i.StrLen                                 0x00000a7e   Section        0  lcd_b.o(i.StrLen)
    i.SysTick_Handler                        0x00000a94   Section        0  lcd.o(i.SysTick_Handler)
    i.SystemBusInit                          0x00000aa0   Section        0  lcd.o(i.SystemBusInit)
    i.WriteByte                              0x00000ac4   Section        0  lcd.o(i.WriteByte)
    i.__SysTickInit                          0x00000af0   Section        0  lcd.o(i.__SysTickInit)
    i.main                                   0x00000b14   Section        0  lcdmain.o(i.main)
    .data                                    0x20000000   Section     1344  lcd_b.o(.data)
    Font_6x8_Data                            0x20000000   Data        1344  lcd_b.o(.data)
    .data                                    0x20000540   Section        8  lcd.o(.data)
    .bss                                     0x20000548   Section       96  libspace.o(.bss)
    HEAP                                     0x200005a8   Section     4096  startup.o(HEAP)
    Heap_Mem                                 0x200005a8   Data        4096  startup.o(HEAP)
    STACK                                    0x200015a8   Section     4096  startup.o(STACK)
    Stack_Mem                                0x200015a8   Data        4096  startup.o(STACK)
    __initial_sp                             0x200025a8   Data           0  startup.o(STACK)

    Global Symbols

    Symbol Name                              Value     Ov Type        Size  Object(Section)

    BuildAttributes$$THM_ISAv3M$S$PE$A:L22$X:L11$S22$IEEE1$IW$USESV6$~STKCKD$USESV7$~SHL$OSPACE$ROPI$EBA8$UX$STANDARDLIB$REQ8$PRES8$EABIv2 0x00000000   Number         0  anon$$obj.o ABSOLUTE
    __ARM_use_no_argv                        0x00000000   Number         0  lcdmain.o ABSOLUTE
    __Vectors                                0x00000000   Data           4  startup.o(RESET)
    __ARM_exceptions_init                     - Undefined Weak Reference
    __alloca_initialize                       - Undefined Weak Reference
    __arm_preinit_                            - Undefined Weak Reference
    __cpp_initialize__aeabi_                  - Undefined Weak Reference
    __cxa_finalize                            - Undefined Weak Reference
    __rt_locale                               - Undefined Weak Reference
    __sigvec_lookup                           - Undefined Weak Reference
    _atexit_init                              - Undefined Weak Reference
    _call_atexit_fns                          - Undefined Weak Reference
    _clock_init                               - Undefined Weak Reference
    _fp_trap_init                             - Undefined Weak Reference
    _fp_trap_shutdown                         - Undefined Weak Reference
    _get_lc_collate                           - Undefined Weak Reference
    _get_lc_ctype                             - Undefined Weak Reference
    _get_lc_monetary                          - Undefined Weak Reference
    _get_lc_numeric                           - Undefined Weak Reference
    _get_lc_time                              - Undefined Weak Reference
    _getenv_init                              - Undefined Weak Reference
    _handle_redirection                       - Undefined Weak Reference
    _init_alloc                               - Undefined Weak Reference
    _init_user_alloc                          - Undefined Weak Reference
    _initio                                   - Undefined Weak Reference
    _printf_post_padding                      - Undefined Weak Reference
    _printf_pre_padding                       - Undefined Weak Reference
    _printf_truncate_signed                   - Undefined Weak Reference
    _printf_truncate_unsigned                 - Undefined Weak Reference
    _rand_init                                - Undefined Weak Reference
    _signal_finish                            - Undefined Weak Reference
    _signal_init                              - Undefined Weak Reference
    _terminate_alloc                          - Undefined Weak Reference
    _terminate_user_alloc                     - Undefined Weak Reference
    _terminateio                              - Undefined Weak Reference
    __main                                   0x000000c1   Thumb Code     8  __main.o(!!!main)
    __scatterload                            0x000000c9   Thumb Code     0  __scatter.o(!!!scatter)
    __scatterload_rt2                        0x000000c9   Thumb Code    52  __scatter.o(!!!scatter)
    __scatterload_rt2_thumb_only             0x000000c9   Thumb Code     0  __scatter.o(!!!scatter)
    __scatterload_null                       0x000000d9   Thumb Code     0  __scatter.o(!!!scatter)
    __scatterload_zeroinit                   0x00000105   Thumb Code    28  __scatter_zi.o(!!handler_zi)
    _printf_percent                          0x00000121   Thumb Code     0  _printf_percent.o(.ARM.Collect$$_printf_percent$$00000000)
    _printf_d                                0x00000123   Thumb Code     0  _printf_d.o(.ARM.Collect$$_printf_percent$$00000009)
    _printf_percent_end                      0x0000012d   Thumb Code     0  _printf_percent_end.o(.ARM.Collect$$_printf_percent$$00000017)
    __rt_lib_init                            0x00000131   Thumb Code     0  libinit.o(.ARM.Collect$$libinit$$00000000)
    __rt_lib_init_alloca_1                   0x00000133   Thumb Code     0  libinit2.o(.ARM.Collect$$libinit$$0000002E)
    __rt_lib_init_argv_1                     0x00000133   Thumb Code     0  libinit2.o(.ARM.Collect$$libinit$$0000002C)
    __rt_lib_init_atexit_1                   0x00000133   Thumb Code     0  libinit2.o(.ARM.Collect$$libinit$$0000001B)
    __rt_lib_init_clock_1                    0x00000133   Thumb Code     0  libinit2.o(.ARM.Collect$$libinit$$00000021)
    __rt_lib_init_cpp_1                      0x00000133   Thumb Code     0  libinit2.o(.ARM.Collect$$libinit$$00000032)
    __rt_lib_init_exceptions_1               0x00000133   Thumb Code     0  libinit2.o(.ARM.Collect$$libinit$$00000030)
    __rt_lib_init_fp_1                       0x00000133   Thumb Code     0  libinit2.o(.ARM.Collect$$libinit$$00000002)
    __rt_lib_init_fp_trap_1                  0x00000133   Thumb Code     0  libinit2.o(.ARM.Collect$$libinit$$0000001F)
    __rt_lib_init_getenv_1                   0x00000133   Thumb Code     0  libinit2.o(.ARM.Collect$$libinit$$00000023)
    __rt_lib_init_heap_1                     0x00000133   Thumb Code     0  libinit2.o(.ARM.Collect$$libinit$$0000000A)
    __rt_lib_init_lc_collate_1               0x00000133   Thumb Code     0  libinit2.o(.ARM.Collect$$libinit$$00000011)
    __rt_lib_init_lc_ctype_1                 0x00000133   Thumb Code     0  libinit2.o(.ARM.Collect$$libinit$$00000013)
    __rt_lib_init_lc_monetary_1              0x00000133   Thumb Code     0  libinit2.o(.ARM.Collect$$libinit$$00000015)
    __rt_lib_init_lc_numeric_1               0x00000133   Thumb Code     0  libinit2.o(.ARM.Collect$$libinit$$00000017)
    __rt_lib_init_lc_time_1                  0x00000133   Thumb Code     0  libinit2.o(.ARM.Collect$$libinit$$00000019)
    __rt_lib_init_preinit_1                  0x00000133   Thumb Code     0  libinit2.o(.ARM.Collect$$libinit$$00000004)
    __rt_lib_init_rand_1                     0x00000133   Thumb Code     0  libinit2.o(.ARM.Collect$$libinit$$0000000E)
    __rt_lib_init_return                     0x00000133   Thumb Code     0  libinit2.o(.ARM.Collect$$libinit$$00000033)
    __rt_lib_init_signal_1                   0x00000133   Thumb Code     0  libinit2.o(.ARM.Collect$$libinit$$0000001D)
    __rt_lib_init_stdio_1                    0x00000133   Thumb Code     0  libinit2.o(.ARM.Collect$$libinit$$00000025)
    __rt_lib_init_user_alloc_1               0x00000133   Thumb Code     0  libinit2.o(.ARM.Collect$$libinit$$0000000C)
    __rt_lib_shutdown                        0x00000135   Thumb Code     0  libshutdown.o(.ARM.Collect$$libshutdown$$00000000)
    __rt_lib_shutdown_cpp_1                  0x00000137   Thumb Code     0  libshutdown2.o(.ARM.Collect$$libshutdown$$00000002)
    __rt_lib_shutdown_fp_trap_1              0x00000137   Thumb Code     0  libshutdown2.o(.ARM.Collect$$libshutdown$$00000007)
    __rt_lib_shutdown_heap_1                 0x00000137   Thumb Code     0  libshutdown2.o(.ARM.Collect$$libshutdown$$0000000F)
    __rt_lib_shutdown_return                 0x00000137   Thumb Code     0  libshutdown2.o(.ARM.Collect$$libshutdown$$00000010)
    __rt_lib_shutdown_signal_1               0x00000137   Thumb Code     0  libshutdown2.o(.ARM.Collect$$libshutdown$$0000000A)
    __rt_lib_shutdown_stdio_1                0x00000137   Thumb Code     0  libshutdown2.o(.ARM.Collect$$libshutdown$$00000004)
    __rt_lib_shutdown_user_alloc_1           0x00000137   Thumb Code     0  libshutdown2.o(.ARM.Collect$$libshutdown$$0000000C)
    __rt_entry                               0x00000139   Thumb Code     0  __rtentry.o(.ARM.Collect$$rtentry$$00000000)
    __rt_entry_presh_1                       0x00000139   Thumb Code     0  __rtentry2.o(.ARM.Collect$$rtentry$$00000002)
    __rt_entry_sh                            0x00000139   Thumb Code     0  __rtentry4.o(.ARM.Collect$$rtentry$$00000004)
    __rt_entry_li                            0x0000013f   Thumb Code     0  __rtentry2.o(.ARM.Collect$$rtentry$$0000000A)
    __rt_entry_postsh_1                      0x0000013f   Thumb Code     0  __rtentry2.o(.ARM.Collect$$rtentry$$00000009)
    __rt_entry_main                          0x00000143   Thumb Code     0  __rtentry2.o(.ARM.Collect$$rtentry$$0000000D)
    __rt_entry_postli_1                      0x00000143   Thumb Code     0  __rtentry2.o(.ARM.Collect$$rtentry$$0000000C)
    __rt_exit                                0x0000014b   Thumb Code     0  rtexit.o(.ARM.Collect$$rtexit$$00000000)
    __rt_exit_ls                             0x0000014d   Thumb Code     0  rtexit2.o(.ARM.Collect$$rtexit$$00000003)
    __rt_exit_prels_1                        0x0000014d   Thumb Code     0  rtexit2.o(.ARM.Collect$$rtexit$$00000002)
    __rt_exit_exit                           0x00000151   Thumb Code     0  rtexit2.o(.ARM.Collect$$rtexit$$00000004)
    Reset_Handler                            0x00000159   Thumb Code     4  startup.o(.text)
    NMI_Handler                              0x0000015d   Thumb Code     2  startup.o(.text)
    HardFault_Handler                        0x0000015f   Thumb Code     2  startup.o(.text)
    SVC_Handler                              0x00000161   Thumb Code     2  startup.o(.text)
    PendSV_Handler                           0x00000163   Thumb Code     2  startup.o(.text)
    MIL_STD_1553B2_Handler                   0x00000167   Thumb Code     2  startup.o(.text)
    MIL_STD_1553B1_Handler                   0x00000169   Thumb Code     2  startup.o(.text)
    USB_Handler                              0x0000016b   Thumb Code     2  startup.o(.text)
    CAN1_Handler                             0x0000016d   Thumb Code     2  startup.o(.text)
    CAN2_Handler                             0x0000016f   Thumb Code     2  startup.o(.text)
    DMA_Handler                              0x00000171   Thumb Code     2  startup.o(.text)
    UART1_Handler                            0x00000173   Thumb Code     2  startup.o(.text)
    UART2_Handler                            0x00000175   Thumb Code     2  startup.o(.text)
    SSP1_Handler                             0x00000177   Thumb Code     2  startup.o(.text)
    BUSY_Handler                             0x00000179   Thumb Code     2  startup.o(.text)
    ARINC429R_Handler                        0x0000017b   Thumb Code     2  startup.o(.text)
    POWER_Handler                            0x0000017d   Thumb Code     2  startup.o(.text)
    WWDG_Handler                             0x0000017f   Thumb Code     2  startup.o(.text)
    TIMER4_Handler                           0x00000181   Thumb Code     2  startup.o(.text)
    TIMER1_Handler                           0x00000183   Thumb Code     2  startup.o(.text)
    TIMER2_Handler                           0x00000185   Thumb Code     2  startup.o(.text)
    TIMER3_Handler                           0x00000187   Thumb Code     2  startup.o(.text)
    ADC_Handler                              0x00000189   Thumb Code     2  startup.o(.text)
    ETHERNET_Handler                         0x0000018b   Thumb Code     2  startup.o(.text)
    SSP3_Handler                             0x0000018d   Thumb Code     2  startup.o(.text)
    SSP2_Handler                             0x0000018f   Thumb Code     2  startup.o(.text)
    ARINC429T1_Handler                       0x00000191   Thumb Code     2  startup.o(.text)
    ARINC429T2_Handler                       0x00000193   Thumb Code     2  startup.o(.text)
    ARINC429T3_Handler                       0x00000195   Thumb Code     2  startup.o(.text)
    ARINC429T4_Handler                       0x00000197   Thumb Code     2  startup.o(.text)
    BKP_Handler                              0x00000199   Thumb Code     2  startup.o(.text)
    EXT_INT1_Handler                         0x0000019b   Thumb Code     2  startup.o(.text)
    EXT_INT2_Handler                         0x0000019d   Thumb Code     2  startup.o(.text)
    EXT_INT3_Handler                         0x0000019f   Thumb Code     2  startup.o(.text)
    EXT_INT4_Handler                         0x000001a1   Thumb Code     2  startup.o(.text)
    __user_initial_stackheap                 0x000001a5   Thumb Code     0  startup.o(.text)
    __2sprintf                               0x000001c5   Thumb Code    36  noretval__2sprintf.o(.text)
    __printf                                 0x000001ed   Thumb Code   108  __printf.o(.text)
    _printf_int_dec                          0x00000259   Thumb Code    90  _printf_dec.o(.text)
    __aeabi_uidiv                            0x000002c5   Thumb Code     0  aeabi_sdiv.o(.text)
    __aeabi_uidivmod                         0x000002c5   Thumb Code    20  aeabi_sdiv.o(.text)
    __aeabi_idiv                             0x000002d9   Thumb Code     0  aeabi_sdiv.o(.text)
    __aeabi_idivmod                          0x000002d9   Thumb Code   326  aeabi_sdiv.o(.text)
    __use_two_region_memory                  0x0000041f   Thumb Code     2  heapauxi.o(.text)
    __rt_heap_escrow$2region                 0x00000421   Thumb Code     2  heapauxi.o(.text)
    __rt_heap_expand$2region                 0x00000423   Thumb Code     2  heapauxi.o(.text)
    _printf_int_common                       0x00000425   Thumb Code   176  _printf_intcommon.o(.text)
    _printf_char_common                      0x000004df   Thumb Code    32  _printf_char_common.o(.text)
    _sputc                                   0x00000505   Thumb Code    10  _sputc.o(.text)
    __rt_udiv10                              0x0000050f   Thumb Code    40  rtudiv10.o(.text)
    __user_setup_stackheap                   0x00000537   Thumb Code    62  sys_stackheap_outer.o(.text)
    exit                                     0x00000575   Thumb Code    16  exit.o(.text)
    __user_libspace                          0x00000585   Thumb Code     8  libspace.o(.text)
    __user_perproc_libspace                  0x00000585   Thumb Code     0  libspace.o(.text)
    __user_perthread_libspace                0x00000585   Thumb Code     0  libspace.o(.text)
    _sys_exit                                0x0000058d   Thumb Code     8  sys_exit.o(.text)
    __I$use$semihosting                      0x00000599   Thumb Code     0  use_no_semi.o(.text)
    __use_no_semihosting_swi                 0x00000599   Thumb Code     2  use_no_semi.o(.text)
    __decompress                             0x0000059b   Thumb Code     0  __dczerorl2.o(.text)
    __decompress1                            0x0000059b   Thumb Code    86  __dczerorl2.o(.text)
    __semihosting_library_function           0x0000059b   Thumb Code     0  indicate_semi.o(.text)
    ClearLCD                                 0x000005f1   Thumb Code   116  lcd.o(i.ClearLCD)
    ClearPage                                0x00000665   Thumb Code    88  lcd.o(i.ClearPage)
    DigitalToChar                            0x000006bd   Thumb Code   134  lcd_b.o(i.DigitalToChar)
    DisplayOnOff                             0x00000743   Thumb Code    26  lcd.o(i.DisplayOnOff)
    FindPosition                             0x0000075d   Thumb Code    32  lcd_b.o(i.FindPosition)
    LCDInit                                  0x0000077d   Thumb Code    54  lcd.o(i.LCDInit)
    Pause8us                                 0x000007bd   Thumb Code    36  lcd.o(i.Pause8us)
    PortsForLCD                              0x000007e9   Thumb Code   166  lcd.o(i.PortsForLCD)
    PrintConstText                           0x000008ad   Thumb Code    80  lcd_b.o(i.PrintConstText)
    PrintSymbol                              0x000008fd   Thumb Code    44  lcd_b.o(i.PrintSymbol)
    PrintText                                0x0000092d   Thumb Code   180  lcd_b.o(i.PrintText)
    ResetLCD                                 0x000009e1   Thumb Code    24  lcd.o(i.ResetLCD)
    SetAddress                               0x000009fd   Thumb Code    44  lcd.o(i.SetAddress)
    SetPage                                  0x00000a29   Thumb Code    44  lcd.o(i.SetPage)
    SetStartLine                             0x00000a55   Thumb Code    42  lcd.o(i.SetStartLine)
    StrLen                                   0x00000a7f   Thumb Code    22  lcd_b.o(i.StrLen)
    SysTick_Handler                          0x00000a95   Thumb Code     8  lcd.o(i.SysTick_Handler)
    SystemBusInit                            0x00000aa1   Thumb Code    22  lcd.o(i.SystemBusInit)
    WriteByte                                0x00000ac5   Thumb Code    42  lcd.o(i.WriteByte)
    __SysTickInit                            0x00000af1   Thumb Code    28  lcd.o(i.__SysTickInit)
    main                                     0x00000b15   Thumb Code    70  lcdmain.o(i.main)
    Region$$Table$$Base                      0x00000b8c   Number         0  anon$$obj.o(Region$$Table)
    Region$$Table$$Limit                     0x00000bac   Number         0  anon$$obj.o(Region$$Table)
    Flag8us                                  0x20000540   Data           4  lcd.o(.data)
    DisableFlag                              0x20000544   Data           4  lcd.o(.data)
    __libspace_start                         0x20000548   Data          96  libspace.o(.bss)
    __temporary_stack_top$libspace           0x200005a8   Data           0  libspace.o(.bss)



==============================================================================

Memory Map of the image

  Image Entry point : 0x000000c1

  Load Region LR_IROM1 (Base: 0x00000000, Size: 0x000010f4, Max: 0x00020000, ABSOLUTE, COMPRESSED[0x00000eac])

    Execution Region ER_IROM1 (Exec base: 0x00000000, Load base: 0x00000000, Size: 0x00000bac, Max: 0x00020000, ABSOLUTE)

    Exec Addr    Load Addr    Size         Type   Attr      Idx    E Section Name        Object

    0x00000000   0x00000000   0x000000c0   Data   RO          205    RESET               startup.o
    0x000000c0   0x000000c0   0x00000008   Code   RO          264  * !!!main             c_p.l(__main.o)
    0x000000c8   0x000000c8   0x0000003c   Code   RO          446    !!!scatter          c_p.l(__scatter.o)
    0x00000104   0x00000104   0x0000001c   Code   RO          448    !!handler_zi        c_p.l(__scatter_zi.o)
    0x00000120   0x00000120   0x00000002   Code   RO          257    .ARM.Collect$$_printf_percent$$00000000  c_p.l(_printf_percent.o)
    0x00000122   0x00000122   0x0000000a   Code   RO          256    .ARM.Collect$$_printf_percent$$00000009  c_p.l(_printf_d.o)
    0x0000012c   0x0000012c   0x00000004   Code   RO          277    .ARM.Collect$$_printf_percent$$00000017  c_p.l(_printf_percent_end.o)
    0x00000130   0x00000130   0x00000002   Code   RO          313    .ARM.Collect$$libinit$$00000000  c_p.l(libinit.o)
    0x00000132   0x00000132   0x00000000   Code   RO          327    .ARM.Collect$$libinit$$00000002  c_p.l(libinit2.o)
    0x00000132   0x00000132   0x00000000   Code   RO          329    .ARM.Collect$$libinit$$00000004  c_p.l(libinit2.o)
    0x00000132   0x00000132   0x00000000   Code   RO          332    .ARM.Collect$$libinit$$0000000A  c_p.l(libinit2.o)
    0x00000132   0x00000132   0x00000000   Code   RO          334    .ARM.Collect$$libinit$$0000000C  c_p.l(libinit2.o)
    0x00000132   0x00000132   0x00000000   Code   RO          336    .ARM.Collect$$libinit$$0000000E  c_p.l(libinit2.o)
    0x00000132   0x00000132   0x00000000   Code   RO          339    .ARM.Collect$$libinit$$00000011  c_p.l(libinit2.o)
    0x00000132   0x00000132   0x00000000   Code   RO          341    .ARM.Collect$$libinit$$00000013  c_p.l(libinit2.o)
    0x00000132   0x00000132   0x00000000   Code   RO          343    .ARM.Collect$$libinit$$00000015  c_p.l(libinit2.o)
    0x00000132   0x00000132   0x00000000   Code   RO          345    .ARM.Collect$$libinit$$00000017  c_p.l(libinit2.o)
    0x00000132   0x00000132   0x00000000   Code   RO          347    .ARM.Collect$$libinit$$00000019  c_p.l(libinit2.o)
    0x00000132   0x00000132   0x00000000   Code   RO          349    .ARM.Collect$$libinit$$0000001B  c_p.l(libinit2.o)
    0x00000132   0x00000132   0x00000000   Code   RO          351    .ARM.Collect$$libinit$$0000001D  c_p.l(libinit2.o)
    0x00000132   0x00000132   0x00000000   Code   RO          353    .ARM.Collect$$libinit$$0000001F  c_p.l(libinit2.o)
    0x00000132   0x00000132   0x00000000   Code   RO          355    .ARM.Collect$$libinit$$00000021  c_p.l(libinit2.o)
    0x00000132   0x00000132   0x00000000   Code   RO          357    .ARM.Collect$$libinit$$00000023  c_p.l(libinit2.o)
    0x00000132   0x00000132   0x00000000   Code   RO          359    .ARM.Collect$$libinit$$00000025  c_p.l(libinit2.o)
    0x00000132   0x00000132   0x00000000   Code   RO          363    .ARM.Collect$$libinit$$0000002C  c_p.l(libinit2.o)
    0x00000132   0x00000132   0x00000000   Code   RO          365    .ARM.Collect$$libinit$$0000002E  c_p.l(libinit2.o)
    0x00000132   0x00000132   0x00000000   Code   RO          367    .ARM.Collect$$libinit$$00000030  c_p.l(libinit2.o)
    0x00000132   0x00000132   0x00000000   Code   RO          369    .ARM.Collect$$libinit$$00000032  c_p.l(libinit2.o)
    0x00000132   0x00000132   0x00000002   Code   RO          370    .ARM.Collect$$libinit$$00000033  c_p.l(libinit2.o)
    0x00000134   0x00000134   0x00000002   Code   RO          401    .ARM.Collect$$libshutdown$$00000000  c_p.l(libshutdown.o)
    0x00000136   0x00000136   0x00000000   Code   RO          427    .ARM.Collect$$libshutdown$$00000002  c_p.l(libshutdown2.o)
    0x00000136   0x00000136   0x00000000   Code   RO          429    .ARM.Collect$$libshutdown$$00000004  c_p.l(libshutdown2.o)
    0x00000136   0x00000136   0x00000000   Code   RO          432    .ARM.Collect$$libshutdown$$00000007  c_p.l(libshutdown2.o)
    0x00000136   0x00000136   0x00000000   Code   RO          435    .ARM.Collect$$libshutdown$$0000000A  c_p.l(libshutdown2.o)
    0x00000136   0x00000136   0x00000000   Code   RO          437    .ARM.Collect$$libshutdown$$0000000C  c_p.l(libshutdown2.o)
    0x00000136   0x00000136   0x00000000   Code   RO          440    .ARM.Collect$$libshutdown$$0000000F  c_p.l(libshutdown2.o)
    0x00000136   0x00000136   0x00000002   Code   RO          441    .ARM.Collect$$libshutdown$$00000010  c_p.l(libshutdown2.o)
    0x00000138   0x00000138   0x00000000   Code   RO          266    .ARM.Collect$$rtentry$$00000000  c_p.l(__rtentry.o)
    0x00000138   0x00000138   0x00000000   Code   RO          281    .ARM.Collect$$rtentry$$00000002  c_p.l(__rtentry2.o)
    0x00000138   0x00000138   0x00000006   Code   RO          293    .ARM.Collect$$rtentry$$00000004  c_p.l(__rtentry4.o)
    0x0000013e   0x0000013e   0x00000000   Code   RO          283    .ARM.Collect$$rtentry$$00000009  c_p.l(__rtentry2.o)
    0x0000013e   0x0000013e   0x00000004   Code   RO          284    .ARM.Collect$$rtentry$$0000000A  c_p.l(__rtentry2.o)
    0x00000142   0x00000142   0x00000000   Code   RO          286    .ARM.Collect$$rtentry$$0000000C  c_p.l(__rtentry2.o)
    0x00000142   0x00000142   0x00000008   Code   RO          287    .ARM.Collect$$rtentry$$0000000D  c_p.l(__rtentry2.o)
    0x0000014a   0x0000014a   0x00000002   Code   RO          318    .ARM.Collect$$rtexit$$00000000  c_p.l(rtexit.o)
    0x0000014c   0x0000014c   0x00000000   Code   RO          374    .ARM.Collect$$rtexit$$00000002  c_p.l(rtexit2.o)
    0x0000014c   0x0000014c   0x00000004   Code   RO          375    .ARM.Collect$$rtexit$$00000003  c_p.l(rtexit2.o)
    0x00000150   0x00000150   0x00000006   Code   RO          376    .ARM.Collect$$rtexit$$00000004  c_p.l(rtexit2.o)
    0x00000156   0x00000156   0x00000002   PAD
    0x00000158   0x00000158   0x0000006c   Code   RO          206    .text               startup.o
    0x000001c4   0x000001c4   0x00000028   Code   RO          230    .text               c_p.l(noretval__2sprintf.o)
    0x000001ec   0x000001ec   0x0000006c   Code   RO          232    .text               c_p.l(__printf.o)
    0x00000258   0x00000258   0x0000006c   Code   RO          234    .text               c_p.l(_printf_dec.o)
    0x000002c4   0x000002c4   0x0000015a   Code   RO          258    .text               c_p.l(aeabi_sdiv.o)
    0x0000041e   0x0000041e   0x00000006   Code   RO          262    .text               c_p.l(heapauxi.o)
    0x00000424   0x00000424   0x000000b0   Code   RO          271    .text               c_p.l(_printf_intcommon.o)
    0x000004d4   0x000004d4   0x00000030   Code   RO          273    .text               c_p.l(_printf_char_common.o)
    0x00000504   0x00000504   0x0000000a   Code   RO          275    .text               c_p.l(_sputc.o)
    0x0000050e   0x0000050e   0x00000028   Code   RO          278    .text               c_p.l(rtudiv10.o)
    0x00000536   0x00000536   0x0000003e   Code   RO          299    .text               c_p.l(sys_stackheap_outer.o)
    0x00000574   0x00000574   0x00000010   Code   RO          302    .text               c_p.l(exit.o)
    0x00000584   0x00000584   0x00000008   Code   RO          314    .text               c_p.l(libspace.o)
    0x0000058c   0x0000058c   0x0000000c   Code   RO          371    .text               c_p.l(sys_exit.o)
    0x00000598   0x00000598   0x00000002   Code   RO          390    .text               c_p.l(use_no_semi.o)
    0x0000059a   0x0000059a   0x00000000   Code   RO          392    .text               c_p.l(indicate_semi.o)
    0x0000059a   0x0000059a   0x00000056   Code   RO          444    .text               c_p.l(__dczerorl2.o)
    0x000005f0   0x000005f0   0x00000074   Code   RO           66    i.ClearLCD          lcd.o
    0x00000664   0x00000664   0x00000058   Code   RO           67    i.ClearPage         lcd.o
    0x000006bc   0x000006bc   0x00000086   Code   RO            1    i.DigitalToChar     lcd_b.o
    0x00000742   0x00000742   0x0000001a   Code   RO           68    i.DisplayOnOff      lcd.o
    0x0000075c   0x0000075c   0x00000020   Code   RO            2    i.FindPosition      lcd_b.o
    0x0000077c   0x0000077c   0x00000040   Code   RO           69    i.LCDInit           lcd.o
    0x000007bc   0x000007bc   0x0000002c   Code   RO           70    i.Pause8us          lcd.o
    0x000007e8   0x000007e8   0x000000c4   Code   RO           71    i.PortsForLCD       lcd.o
    0x000008ac   0x000008ac   0x00000050   Code   RO            3    i.PrintConstText    lcd_b.o
    0x000008fc   0x000008fc   0x00000030   Code   RO            4    i.PrintSymbol       lcd_b.o
    0x0000092c   0x0000092c   0x000000b4   Code   RO            5    i.PrintText         lcd_b.o
    0x000009e0   0x000009e0   0x0000001c   Code   RO           74    i.ResetLCD          lcd.o
    0x000009fc   0x000009fc   0x0000002c   Code   RO           75    i.SetAddress        lcd.o
    0x00000a28   0x00000a28   0x0000002c   Code   RO           76    i.SetPage           lcd.o
    0x00000a54   0x00000a54   0x0000002a   Code   RO           77    i.SetStartLine      lcd.o
    0x00000a7e   0x00000a7e   0x00000016   Code   RO            6    i.StrLen            lcd_b.o
    0x00000a94   0x00000a94   0x0000000c   Code   RO           78    i.SysTick_Handler   lcd.o
    0x00000aa0   0x00000aa0   0x00000024   Code   RO           79    i.SystemBusInit     lcd.o
    0x00000ac4   0x00000ac4   0x0000002a   Code   RO           80    i.WriteByte         lcd.o
    0x00000aee   0x00000aee   0x00000002   PAD
    0x00000af0   0x00000af0   0x00000024   Code   RO           81    i.__SysTickInit     lcd.o
    0x00000b14   0x00000b14   0x00000078   Code   RO          211    i.main              lcdmain.o
    0x00000b8c   0x00000b8c   0x00000020   Data   RO          442    Region$$Table       anon$$obj.o


    Execution Region RW_IRAM1 (Exec base: 0x20000000, Load base: 0x00000bac, Size: 0x000025a8, Max: 0x00008000, ABSOLUTE, COMPRESSED[0x00000300])

    Exec Addr    Load Addr    Size         Type   Attr      Idx    E Section Name        Object

    0x20000000   COMPRESSED   0x00000540   Data   RW            7    .data               lcd_b.o
    0x20000540   COMPRESSED   0x00000008   Data   RW           82    .data               lcd.o
    0x20000548        -       0x00000060   Zero   RW          315    .bss                c_p.l(libspace.o)
    0x200005a8        -       0x00001000   Zero   RW          204    HEAP                startup.o
    0x200015a8        -       0x00001000   Zero   RW          203    STACK               startup.o


==============================================================================

Image component sizes


      Code (inc. data)   RO Data    RW Data    ZI Data      Debug   Object Name

       818         78          0          8          0       6919   lcd.o
       496          4          0       1344          0       9843   lcd_b.o
       120         50          0          0          0        511   lcdmain.o
       108         24        192          0       8192       1808   startup.o

    ----------------------------------------------------------------------
      1544        156        224       1352       8192      19081   Object Totals
         0          0         32          0          0          0   (incl. Generated)
         2          0          0          0          0          0   (incl. Padding)

    ----------------------------------------------------------------------

      Code (inc. data)   RO Data    RW Data    ZI Data      Debug   Library Member Name

        86          0          0          0          0          0   __dczerorl2.o
         8          0          0          0          0         68   __main.o
       108          0          0          0          0         76   __printf.o
         0          0          0          0          0          0   __rtentry.o
        12          0          0          0          0          0   __rtentry2.o
         6          0          0          0          0          0   __rtentry4.o
        60          8          0          0          0          0   __scatter.o
        28          0          0          0          0          0   __scatter_zi.o
        48          6          0          0          0         88   _printf_char_common.o
        10          0          0          0          0          0   _printf_d.o
       108         18          0          0          0         76   _printf_dec.o
       176          0          0          0          0         84   _printf_intcommon.o
         2          0          0          0          0          0   _printf_percent.o
         4          0          0          0          0          0   _printf_percent_end.o
        10          0          0          0          0         60   _sputc.o
       346          0          0          0          0         92   aeabi_sdiv.o
        16          0          0          0          0         68   exit.o
         6          0          0          0          0        136   heapauxi.o
         0          0          0          0          0          0   indicate_semi.o
         2          0          0          0          0          0   libinit.o
         2          0          0          0          0          0   libinit2.o
         2          0          0          0          0          0   libshutdown.o
         2          0          0          0          0          0   libshutdown2.o
         8          4          0          0         96         68   libspace.o
        40          4          0          0          0         84   noretval__2sprintf.o
         2          0          0          0          0          0   rtexit.o
        10          0          0          0          0          0   rtexit2.o
        40          0          0          0          0         60   rtudiv10.o
        12          4          0          0          0         60   sys_exit.o
        62          0          0          0          0         80   sys_stackheap_outer.o
         2          0          0          0          0         68   use_no_semi.o

    ----------------------------------------------------------------------
      1220         44          0          0         96       1168   Library Totals
         2          0          0          0          0          0   (incl. Padding)

    ----------------------------------------------------------------------

      Code (inc. data)   RO Data    RW Data    ZI Data      Debug   Library Name

      1218         44          0          0         96       1168   c_p.l

    ----------------------------------------------------------------------
      1220         44          0          0         96       1168   Library Totals

    ----------------------------------------------------------------------

==============================================================================


      Code (inc. data)   RO Data    RW Data    ZI Data      Debug   

      2764        200        224       1352       8288      18965   Grand Totals
      2764        200        224        768       8288      18965   ELF Image Totals (compressed)
      2764        200        224        768          0          0   ROM Totals

==============================================================================

    Total RO  Size (Code + RO Data)                 2988 (   2.92kB)
    Total RW  Size (RW Data + ZI Data)              9640 (   9.41kB)
    Total ROM Size (Code + RO Data + RW Data)       3756 (   3.67kB)

==============================================================================

