<html>
<body>
<pre>
<h1>µVision Build Log</h1>
<h2>Tool Versions:</h2>
IDE-Version: µVision V5.24.2.0
Copyright (C) 2017 ARM Ltd and ARM Germany GmbH. All rights reserved.
License Information: Islam Ragimov, MIPT, LIC=----
 
Tool Versions:
Toolchain:       MDK-Lite  Version: 5.24.1
Toolchain Path:  E:\My Keil\ARM\ARMCC\Bin
C Compiler:      Armcc.exe V5.06 update 5 (build 528)
Assembler:       Armasm.exe V5.06 update 5 (build 528)
Linker/Locator:  ArmLink.exe V5.06 update 5 (build 528)
Library Manager: ArmAr.exe V5.06 update 5 (build 528)
Hex Converter:   FromElf.exe V5.06 update 5 (build 528)
CPU DLL:         SARMCM3.DLL V5.24.1
Dialog DLL:      DARMCM1.DLL V1.18.0.0
Target DLL:      Segger\JL2CM3.dll V2.99.26.0
Dialog DLL:      TARMCM1.DLL V1.13.0.0
 
<h2>Project:</h2>
C:\Users\Islam\Desktop\äëÿ ðàáîòû\working_parts\using_Standart_Peripheral_Library\UART_graph\New_Uart.uvprojx
Project File Date:  12/06/2018

<h2>Output:</h2>
*** Using Compiler 'V5.06 update 5 (build 528)', folder: 'E:\My Keil\ARM\ARMCC\Bin'
Build target 'Target 1'
compiling main.c...
compiling uart.c...
compiling clk.c...
compiling LCD_b.c...
compiling rtos.c...
compiling LCDGraphic.c...
compiling LCD.c...
compiling make_command.c...
assembling irq_cm0.s...
compiling rtx_evflags.c...
compiling rtx_delay.c...
compiling rtx_evr.c...
compiling rtx_lib.c...
compiling rtx_kernel.c...
compiling rtx_memory.c...
compiling rtx_mempool.c...
compiling rtx_msgqueue.c...
compiling rtx_mutex.c...
compiling rtx_semaphore.c...
compiling rtx_system.c...
compiling rtx_thread.c...
compiling rtx_timer.c...
compiling os_systick.c...
assembling startup_MDR1986VE1T.s...
compiling RTX_Config.c...
compiling system_MDR1986VE1T.c...
compiling MDR32F9Qx_port.c...
compiling MDR32F9Qx_rst_clk.c...
compiling MDR32F9Qx_uart.c...
linking...
Program Size: Code=15080 RO-data=480 RW-data=6468 ZI-data=8292  
".\Objects\New_Uart.axf" - 0 Error(s), 0 Warning(s).

<h2>Software Packages used:</h2>

Package Vendor: ARM
                http://www.keil.com/pack/ARM.CMSIS.5.4.0.pack
                ARM.CMSIS.5.4.0
                CMSIS (Cortex Microcontroller Software Interface Standard)
   * Component: Keil RTX5 Variant: Source Version: 5.4.0
   * Component: CORE Version: 5.1.2
   * Component: RTOS2 Version: 2.1.3

Package Vendor: Keil
                http://www.keil.com/pack/Keil.MDR1986BExx.1.4.pack
                Keil.MDR1986BExx.1.4
                Milandr MDR1986BExx Series Device Support, Drivers and Examples
   * Component: UART Version: 1.3.1
   * Component: RST_CLK Version: 1.3.1
   * Component: PORT Version: 1.3.1
   * Component: Startup_MDR1986BE1T Version: 1.3.1

<h2>Collection of Component include folders:</h2>
  .\RTE\CMSIS
  .\RTE\Device\MDR1986BE1T
  .\RTE\_Target_1
  E:\My Keil\ARM\PACK\ARM\CMSIS\5.4.0\CMSIS\Core\Include
  E:\My Keil\ARM\PACK\ARM\CMSIS\5.4.0\CMSIS\RTOS2\Include
  E:\My Keil\ARM\PACK\ARM\CMSIS\5.4.0\CMSIS\RTOS2\RTX\Include
  E:\My Keil\ARM\PACK\Keil\MDR1986BExx\1.4\Config
  E:\My Keil\ARM\PACK\Keil\MDR1986BExx\1.4\Libraries\CMSIS\CM1\CoreSupport
  E:\My Keil\ARM\PACK\Keil\MDR1986BExx\1.4\Libraries\CMSIS\CM1\DeviceSupport\MDR1986VE1T\inc
  E:\My Keil\ARM\PACK\Keil\MDR1986BExx\1.4\Libraries\MDR32F9Qx_StdPeriph_Driver\inc

<h2>Collection of Component Files used:</h2>

   * Component: Keil::Drivers:UART:1.3.1
      Include file:  Libraries\MDR32F9Qx_StdPeriph_Driver\inc\MDR32F9Qx_uart.h
      Source file:   Libraries\MDR32F9Qx_StdPeriph_Driver\src\MDR32F9Qx_uart.c

   * Component: Keil::Drivers:RST_CLK:1.3.1
      Source file:   Libraries\MDR32F9Qx_StdPeriph_Driver\src\MDR32F9Qx_rst_clk.c
      Include file:  Libraries\MDR32F9Qx_StdPeriph_Driver\inc\MDR32F9Qx_rst_clk.h

   * Component: Keil::Drivers:PORT:1.3.1
      Include file:  Libraries\MDR32F9Qx_StdPeriph_Driver\inc\MDR32F9Qx_port.h
      Source file:   Libraries\MDR32F9Qx_StdPeriph_Driver\src\MDR32F9Qx_port.c

   * Component: Keil::Device:Startup_MDR1986BE1T:1.3.1
      Source file:   Libraries\CMSIS\CM1\DeviceSupport\MDR1986VE1T\startup\arm\startup_MDR1986VE1T.s
      Include file:  Config\MDR32F9Qx_config.h
      Include file:  Libraries\CMSIS\CM1\DeviceSupport\MDR1986VE1T\startup\arm\system_MDR1986VE1T.h
      Source file:   Libraries\CMSIS\CM1\DeviceSupport\MDR1986VE1T\startup\arm\system_MDR1986VE1T.c
      Include file:  Libraries\CMSIS\CM1\CoreSupport\core_cm1.h

   * Component: ARM::CMSIS:RTOS2:Keil RTX5:Source:5.4.0
      Source file:   CMSIS\RTOS2\RTX\Source\ARM\irq_cm0.s
      Source file:   CMSIS\RTOS2\RTX\Source\rtx_lib.c
      Source file:   CMSIS\RTOS2\Source\os_systick.c
      Include file:  CMSIS\RTOS2\RTX\Include\rtx_os.h
      Include file:  CMSIS\RTOS2\RTX\Config\RTX_Config.h
      Source file:   CMSIS\RTOS2\RTX\Config\RTX_Config.c
      Source file:   CMSIS\RTOS2\RTX\Template\main.c
      Source file:   CMSIS\RTOS2\RTX\Template\Events.c
      Source file:   CMSIS\RTOS2\RTX\Template\MemPool.c
      Source file:   CMSIS\RTOS2\RTX\Template\Mutex.c
      Source file:   CMSIS\RTOS2\RTX\Template\Semaphore.c
      Source file:   CMSIS\RTOS2\RTX\Template\MsgQueue.c
      Source file:   CMSIS\RTOS2\RTX\Source\rtx_msgqueue.c
      Source file:   CMSIS\RTOS2\RTX\Source\rtx_system.c
      Source file:   CMSIS\RTOS2\RTX\Source\rtx_evflags.c
      Source file:   CMSIS\RTOS2\RTX\Source\rtx_mutex.c
      Source file:   CMSIS\RTOS2\RTX\Source\rtx_semaphore.c
      Source file:   CMSIS\RTOS2\RTX\Template\svc_user.c
      Source file:   CMSIS\RTOS2\RTX\Source\rtx_memory.c
      Source file:   CMSIS\RTOS2\RTX\Source\rtx_delay.c
      Source file:   CMSIS\RTOS2\RTX\Source\rtx_kernel.c
      Source file:   CMSIS\RTOS2\RTX\Source\rtx_evr.c
      Source file:   CMSIS\RTOS2\RTX\Template\Thread.c
      Source file:   CMSIS\RTOS2\RTX\Template\Timer.c
      Source file:   CMSIS\RTOS2\RTX\Source\rtx_thread.c
      Source file:   CMSIS\RTOS2\RTX\Source\rtx_timer.c
      Source file:   CMSIS\RTOS2\RTX\Source\rtx_mempool.c

   * Component: ARM::CMSIS:CORE:5.1.2

   * Component: ::CMSIS:RTOS2:2.1.3 (API)
      Include file:  CMSIS\RTOS2\Include\cmsis_os2.h
Build Time Elapsed:  00:00:22
</pre>
</body>
</html>
