Component: ARM Compiler 5.06 update 5 (build 528) Tool: armlink [4d35e2]

==============================================================================

Section Cross References

    main.o(i.main) refers to clk.o(i.CPU_Init) for CPU_Init
    main.o(i.main) refers to uart.o(i.UART_Init) for UART_Init
    main.o(i.main) refers to lcd.o(i.LCDInit) for LCDInit
    main.o(i.main) refers to lcd.o(i.ClearLCD) for ClearLCD
    main.o(i.main) refers to rtos.o(i.RTOS_Init) for RTOS_Init
    uart.o(i.LCD_PutSymbolModified) refers to lcd_b.o(i.LCD_PutSymbol) for LCD_PutSymbol
    uart.o(i.LCD_PutSymbolModified) refers to uart.o(.data) for y
    uart.o(i.Thread_Typewriter) refers to lcd_b.o(i.LCD_PutSymbol) for LCD_PutSymbol
    uart.o(i.Thread_Typewriter) refers to lcd_b.o(i.PrintConstText) for PrintConstText
    uart.o(i.Thread_Typewriter) refers to rtx_evflags.o(i.osEventFlagsWait) for osEventFlagsWait
    uart.o(i.Thread_Typewriter) refers to uart.o(i.LCD_PutSymbolModified) for LCD_PutSymbolModified
    uart.o(i.Thread_Typewriter) refers to rtos.o(.data) for EventId_UART
    uart.o(i.UART1_IRQHandler) refers to rtx_evflags.o(i.osEventFlagsSet) for osEventFlagsSet
    uart.o(i.UART1_IRQHandler) refers to rtos.o(.data) for EventId_UART
    uart.o(i.UART_Init) refers to uart.o(i.UART_PortCfg) for UART_PortCfg
    uart.o(i.UART_Init) refers to uart.o(i.UART_Reset) for UART_Reset
    uart.o(i.UART_Init) refers to aeabi_sdiv.o(.text) for __aeabi_uidivmod
    uart.o(i.UART_Init) refers to system_mdr1986ve1t.o(.data) for SystemCoreClock
    clk.o(i.CPU_Init) refers to system_mdr1986ve1t.o(i.SystemCoreClockUpdate) for SystemCoreClockUpdate
    rtos.o(i.RTOS_Init) refers to rtx_kernel.o(i.osKernelInitialize) for osKernelInitialize
    rtos.o(i.RTOS_Init) refers to rtx_thread.o(i.osThreadNew) for osThreadNew
    rtos.o(i.RTOS_Init) refers to rtx_evflags.o(i.osEventFlagsNew) for osEventFlagsNew
    rtos.o(i.RTOS_Init) refers to rtx_kernel.o(i.osKernelStart) for osKernelStart
    rtos.o(i.RTOS_Init) refers to rtos.o(.constdata) for ThreadAttr_Typewriter
    rtos.o(i.RTOS_Init) refers to uart.o(i.Thread_Typewriter) for Thread_Typewriter
    rtos.o(i.RTOS_Init) refers to rtos.o(.data) for EventId_UART
    lcd_b.o(i.DigitalToChar) refers to aeabi_sdiv.o(.text) for __aeabi_uidivmod
    lcd_b.o(i.LCD_PutSymbol) refers to lcd.o(i.SetPage) for SetPage
    lcd_b.o(i.LCD_PutSymbol) refers to lcd.o(i.WriteByte) for WriteByte
    lcd_b.o(i.LCD_PutSymbol) refers to lcd_b.o(.data) for Font_6x8_Data
    lcd_b.o(i.PrintConstText) refers to lcd.o(i.ClearPage) for ClearPage
    lcd_b.o(i.PrintConstText) refers to lcd.o(i.SetPage) for SetPage
    lcd_b.o(i.PrintConstText) refers to lcd_b.o(i.StrLen) for StrLen
    lcd_b.o(i.PrintConstText) refers to lcd_b.o(i.PrintSymbol) for PrintSymbol
    lcd_b.o(i.PrintSymbol) refers to lcd.o(i.WriteByte) for WriteByte
    lcd_b.o(i.PrintSymbol) refers to lcd_b.o(.data) for Font_6x8_Data
    lcd_b.o(i.PrintText) refers to lcd_b.o(i.StrLen) for StrLen
    lcd_b.o(i.PrintText) refers to lcd_b.o(i.FindPosition) for FindPosition
    lcd_b.o(i.PrintText) refers to lcd_b.o(i.DigitalToChar) for DigitalToChar
    lcd_b.o(i.PrintText) refers to lcd_b.o(i.PrintConstText) for PrintConstText
    lcd.o(i.ClearLCD) refers to lcd.o(i.SetAddress) for SetAddress
    lcd.o(i.ClearLCD) refers to lcd.o(i.SetPage) for SetPage
    lcd.o(i.ClearLCD) refers to lcd.o(i.WriteByte) for WriteByte
    lcd.o(i.ClearPage) refers to lcd.o(i.SetPage) for SetPage
    lcd.o(i.ClearPage) refers to lcd.o(i.SetAddress) for SetAddress
    lcd.o(i.ClearPage) refers to lcd.o(i.Pause8us) for Pause8us
    lcd.o(i.DisplayOnOff) refers to lcd.o(i.Pause8us) for Pause8us
    lcd.o(i.LCDInit) refers to lcd.o(i.PortsForLCD) for PortsForLCD
    lcd.o(i.LCDInit) refers to lcd.o(i.SystemBusInit) for SystemBusInit
    lcd.o(i.LCDInit) refers to lcd.o(i.ResetLCD) for ResetLCD
    lcd.o(i.LCDInit) refers to lcd.o(i.ClearLCD) for ClearLCD
    lcd.o(i.LCDInit) refers to lcd.o(i.DisplayOnOff) for DisplayOnOff
    lcd.o(i.LCDInit) refers to lcd.o(i.SetStartLine) for SetStartLine
    lcd.o(i.Pause8us) refers to lcd.o(i.LCD_Delay) for LCD_Delay
    lcd.o(i.ReadByte) refers to lcd.o(i.SetPage) for SetPage
    lcd.o(i.ReadByte) refers to lcd.o(i.SetAddress) for SetAddress
    lcd.o(i.ReadByte) refers to lcd.o(i.Pause8us) for Pause8us
    lcd.o(i.ReadStatus) refers to lcd.o(i.Pause8us) for Pause8us
    lcd.o(i.ResetLCD) refers to lcd.o(i.Pause8us) for Pause8us
    lcd.o(i.SetAddress) refers to lcd.o(i.Pause8us) for Pause8us
    lcd.o(i.SetPage) refers to lcd.o(i.Pause8us) for Pause8us
    lcd.o(i.SetStartLine) refers to lcd.o(i.Pause8us) for Pause8us
    lcd.o(i.WriteByte) refers to lcd.o(i.SetAddress) for SetAddress
    lcd.o(i.WriteByte) refers to lcd.o(i.Pause8us) for Pause8us
    irq_cm0.o(.text) refers to rtx_system.o(i.osRtxPendSV_Handler) for osRtxPendSV_Handler
    irq_cm0.o(.text) refers to rtx_system.o(i.osRtxTick_Handler) for osRtxTick_Handler
[...]
    i.EvrRtxThreadDestroyed                  0x000007ca   Section        0  rtx_evr.o(i.EvrRtxThreadDestroyed)
    i.EvrRtxThreadError                      0x000007cc   Section        0  rtx_evr.o(i.EvrRtxThreadError)
    i.EvrRtxThreadExit                       0x000007ce   Section        0  rtx_evr.o(i.EvrRtxThreadExit)
    i.EvrRtxThreadFlagsWaitCompleted         0x000007d0   Section        0  rtx_evr.o(i.EvrRtxThreadFlagsWaitCompleted)
    i.EvrRtxThreadFlagsWaitTimeout           0x000007d2   Section        0  rtx_evr.o(i.EvrRtxThreadFlagsWaitTimeout)
    i.EvrRtxThreadJoined                     0x000007d4   Section        0  rtx_evr.o(i.EvrRtxThreadJoined)
    i.EvrRtxThreadNew                        0x000007d6   Section        0  rtx_evr.o(i.EvrRtxThreadNew)
    i.EvrRtxThreadPreempted                  0x000007d8   Section        0  rtx_evr.o(i.EvrRtxThreadPreempted)
    i.EvrRtxThreadSwitched                   0x000007da   Section        0  rtx_evr.o(i.EvrRtxThreadSwitched)
    i.EvrRtxThreadUnblocked                  0x000007dc   Section        0  rtx_evr.o(i.EvrRtxThreadUnblocked)
    i.EvrRtxTimerCallback                    0x000007de   Section        0  rtx_evr.o(i.EvrRtxTimerCallback)
    i.IsIrqMasked                            0x000007e0   Section        0  rtx_evflags.o(i.IsIrqMasked)
    IsIrqMasked                              0x000007e1   Thumb Code    18  rtx_evflags.o(i.IsIrqMasked)
    i.IsIrqMasked                            0x000007f2   Section        0  rtx_kernel.o(i.IsIrqMasked)
    IsIrqMasked                              0x000007f3   Thumb Code    18  rtx_kernel.o(i.IsIrqMasked)
    i.IsIrqMasked                            0x00000804   Section        0  rtx_msgqueue.o(i.IsIrqMasked)
    IsIrqMasked                              0x00000805   Thumb Code    18  rtx_msgqueue.o(i.IsIrqMasked)
    i.IsIrqMasked                            0x00000816   Section        0  rtx_mutex.o(i.IsIrqMasked)
    IsIrqMasked                              0x00000817   Thumb Code    18  rtx_mutex.o(i.IsIrqMasked)
    i.IsIrqMasked                            0x00000828   Section        0  rtx_thread.o(i.IsIrqMasked)
    IsIrqMasked                              0x00000829   Thumb Code    18  rtx_thread.o(i.IsIrqMasked)
    i.IsIrqMode                              0x0000083a   Section        0  rtx_evflags.o(i.IsIrqMode)
    IsIrqMode                                0x0000083b   Thumb Code    18  rtx_evflags.o(i.IsIrqMode)
    i.IsIrqMode                              0x0000084c   Section        0  rtx_kernel.o(i.IsIrqMode)
    IsIrqMode                                0x0000084d   Thumb Code    18  rtx_kernel.o(i.IsIrqMode)
    i.IsIrqMode                              0x0000085e   Section        0  rtx_msgqueue.o(i.IsIrqMode)
    IsIrqMode                                0x0000085f   Thumb Code    18  rtx_msgqueue.o(i.IsIrqMode)
    i.IsIrqMode                              0x00000870   Section        0  rtx_mutex.o(i.IsIrqMode)
    IsIrqMode                                0x00000871   Thumb Code    18  rtx_mutex.o(i.IsIrqMode)
    i.IsIrqMode                              0x00000882   Section        0  rtx_thread.o(i.IsIrqMode)
    IsIrqMode                                0x00000883   Thumb Code    18  rtx_thread.o(i.IsIrqMode)
    i.IsPrivileged                           0x00000894   Section        0  rtx_kernel.o(i.IsPrivileged)
    IsPrivileged                             0x00000895   Thumb Code    16  rtx_kernel.o(i.IsPrivileged)
    i.LCDInit                                0x000008a4   Section        0  lcd.o(i.LCDInit)
    i.LCD_Delay                              0x000008c4   Section        0  lcd.o(i.LCD_Delay)
    i.LCD_PutSymbol                          0x000008d8   Section        0  lcd_b.o(i.LCD_PutSymbol)
    i.LCD_PutSymbolModified                  0x00000918   Section        0  uart.o(i.LCD_PutSymbolModified)
    i.MemBlockPtr                            0x00000a1c   Section        0  rtx_memory.o(i.MemBlockPtr)
    MemBlockPtr                              0x00000a1d   Thumb Code    10  rtx_memory.o(i.MemBlockPtr)
    i.MessageQueueGet                        0x00000a26   Section        0  rtx_msgqueue.o(i.MessageQueueGet)
    MessageQueueGet                          0x00000a27   Thumb Code    72  rtx_msgqueue.o(i.MessageQueueGet)
    i.MessageQueuePut                        0x00000a6e   Section        0  rtx_msgqueue.o(i.MessageQueuePut)
    MessageQueuePut                          0x00000a6f   Thumb Code    90  rtx_msgqueue.o(i.MessageQueuePut)
    i.MessageQueueRemove                     0x00000ac8   Section        0  rtx_msgqueue.o(i.MessageQueueRemove)
    MessageQueueRemove                       0x00000ac9   Thumb Code    38  rtx_msgqueue.o(i.MessageQueueRemove)
    i.OS_Tick_AcknowledgeIRQ                 0x00000af0   Section        0  os_systick.o(i.OS_Tick_AcknowledgeIRQ)
    i.OS_Tick_Enable                         0x00000afc   Section        0  os_systick.o(i.OS_Tick_Enable)
    i.OS_Tick_GetIRQn                        0x00000b2c   Section        0  os_systick.o(i.OS_Tick_GetIRQn)
    i.OS_Tick_Setup                          0x00000b34   Section        0  os_systick.o(i.OS_Tick_Setup)
    i.Pause8us                               0x00000b94   Section        0  lcd.o(i.Pause8us)
    i.PortsForLCD                            0x00000ba0   Section        0  lcd.o(i.PortsForLCD)
    i.PrintConstText                         0x00000c64   Section        0  lcd_b.o(i.PrintConstText)
    i.PrintSymbol                            0x00000cb4   Section        0  lcd_b.o(i.PrintSymbol)
    i.RTOS_Init                              0x00000ce4   Section        0  rtos.o(i.RTOS_Init)
    i.ResetLCD                               0x00000d10   Section        0  lcd.o(i.ResetLCD)
    i.SetAddress                             0x00000d2c   Section        0  lcd.o(i.SetAddress)
    i.SetPage                                0x00000d58   Section        0  lcd.o(i.SetPage)
    i.SetStartLine                           0x00000d84   Section        0  lcd.o(i.SetStartLine)
    i.StrLen                                 0x00000dae   Section        0  lcd_b.o(i.StrLen)
    i.SystemBusInit                          0x00000dc4   Section        0  lcd.o(i.SystemBusInit)
    i.SystemCoreClockUpdate                  0x00000de8   Section        0  system_mdr1986ve1t.o(i.SystemCoreClockUpdate)
    i.ThreadFlagsCheck                       0x00000e84   Section        0  rtx_thread.o(i.ThreadFlagsCheck)
    ThreadFlagsCheck                         0x00000e85   Thumb Code   118  rtx_thread.o(i.ThreadFlagsCheck)
    i.Thread_Typewriter                      0x00000efc   Section        0  uart.o(i.Thread_Typewriter)
    i.TimerInsert                            0x00000f64   Section        0  rtx_timer.o(i.TimerInsert)
    TimerInsert                              0x00000f65   Thumb Code    64  rtx_timer.o(i.TimerInsert)
    i.TimerUnlink                            0x00000fa8   Section        0  rtx_timer.o(i.TimerUnlink)
    TimerUnlink                              0x00000fa9   Thumb Code    20  rtx_timer.o(i.TimerUnlink)
    i.UART1_IRQHandler                       0x00000fc0   Section        0  uart.o(i.UART1_IRQHandler)
    i.UART_Init                              0x00001018   Section        0  uart.o(i.UART_Init)
    i.UART_PortCfg                           0x000010c4   Section        0  uart.o(i.UART_PortCfg)
    i.UART_Reset                             0x00001100   Section        0  uart.o(i.UART_Reset)
    i.WriteByte                              0x00001124   Section        0  lcd.o(i.WriteByte)
    i.__ARM_clz                              0x0000114e   Section        0  rtx_mempool.o(i.__ARM_clz)
    i.__ARM_common_switch8                   0x00001188   Section        0  rtx_system.o(i.__ARM_common_switch8)
    i.__get_PRIMASK                          0x000011a4   Section        0  rtx_evflags.o(i.__get_PRIMASK)
    __get_PRIMASK                            0x000011a5   Thumb Code     6  rtx_evflags.o(i.__get_PRIMASK)
    i.__get_PRIMASK                          0x000011aa   Section        0  rtx_thread.o(i.__get_PRIMASK)
    __get_PRIMASK                            0x000011ab   Thumb Code     6  rtx_thread.o(i.__get_PRIMASK)
    i._mutex_acquire                         0x000011b0   Section        0  rtx_lib.o(i._mutex_acquire)
    __tagsym$$used                           0x000011b1   Number         0  rtx_lib.o(i._mutex_acquire)
    i._mutex_free                            0x000011c8   Section        0  rtx_lib.o(i._mutex_free)
    __tagsym$$used                           0x000011c9   Number         0  rtx_lib.o(i._mutex_free)
    i._mutex_initialize                      0x000011d4   Section        0  rtx_lib.o(i._mutex_initialize)
    __tagsym$$used                           0x000011d5   Number         0  rtx_lib.o(i._mutex_initialize)
    i._mutex_release                         0x000011f8   Section        0  rtx_lib.o(i._mutex_release)
    __tagsym$$used                           0x000011f9   Number         0  rtx_lib.o(i._mutex_release)
    i._platform_post_stackheap_init          0x0000120c   Section        0  rtx_lib.o(i._platform_post_stackheap_init)
    i.isrRtxEventFlagsWait                   0x00001214   Section        0  rtx_evflags.o(i.isrRtxEventFlagsWait)
    isrRtxEventFlagsWait                     0x00001215   Thumb Code   104  rtx_evflags.o(i.isrRtxEventFlagsWait)
    i.isrRtxMessageQueueGet                  0x0000127c   Section        0  rtx_msgqueue.o(i.isrRtxMessageQueueGet)
    isrRtxMessageQueueGet                    0x0000127d   Thumb Code   134  rtx_msgqueue.o(i.isrRtxMessageQueueGet)
    i.isrRtxMessageQueuePut                  0x00001302   Section        0  rtx_msgqueue.o(i.isrRtxMessageQueuePut)
    isrRtxMessageQueuePut                    0x00001303   Thumb Code   138  rtx_msgqueue.o(i.isrRtxMessageQueuePut)
    i.isr_queue_get                          0x0000138c   Section        0  rtx_system.o(i.isr_queue_get)
    isr_queue_get                            0x0000138d   Thumb Code    94  rtx_system.o(i.isr_queue_get)
    i.isr_queue_put                          0x000013f0   Section        0  rtx_system.o(i.isr_queue_put)
    isr_queue_put                            0x000013f1   Thumb Code    94  rtx_system.o(i.isr_queue_put)
    i.main                                   0x00001454   Section        0  main.o(i.main)
    i.osEventFlagsNew                        0x00001470   Section        0  rtx_evflags.o(i.osEventFlagsNew)
    i.osEventFlagsSet                        0x000014ac   Section        0  rtx_evflags.o(i.osEventFlagsSet)
    i.osEventFlagsWait                       0x00001534   Section        0  rtx_evflags.o(i.osEventFlagsWait)
    i.osKernelGetState                       0x0000158c   Section        0  rtx_kernel.o(i.osKernelGetState)
    i.osKernelInitialize                     0x000015c0   Section        0  rtx_kernel.o(i.osKernelInitialize)
    i.osKernelStart                          0x000015fc   Section        0  rtx_kernel.o(i.osKernelStart)
    i.osMessageQueueGet                      0x00001634   Section        0  rtx_msgqueue.o(i.osMessageQueueGet)
    i.osMessageQueueNew                      0x0000168c   Section        0  rtx_msgqueue.o(i.osMessageQueueNew)
    i.osMessageQueuePut                      0x000016d8   Section        0  rtx_msgqueue.o(i.osMessageQueuePut)
    i.osMutexAcquire                         0x00001730   Section        0  rtx_mutex.o(i.osMutexAcquire)
    i.osMutexDelete                          0x00001774   Section        0  rtx_mutex.o(i.osMutexDelete)
    i.osMutexNew                             0x000017b4   Section        0  rtx_mutex.o(i.osMutexNew)
    i.osMutexRelease                         0x000017f0   Section        0  rtx_mutex.o(i.osMutexRelease)
    i.osRtxErrorNotify                       0x00001830   Section        0  rtx_config.o(i.osRtxErrorNotify)
    i.osRtxEventFlagsPostProcess             0x00001850   Section        0  rtx_evflags.o(i.osRtxEventFlagsPostProcess)
    osRtxEventFlagsPostProcess               0x00001851   Thumb Code    66  rtx_evflags.o(i.osRtxEventFlagsPostProcess)
    i.osRtxIdleThread                        0x00001892   Section        0  rtx_config.o(i.osRtxIdleThread)
    i.osRtxKernelGetState                    0x00001898   Section        0  rtx_thread.o(i.osRtxKernelGetState)
    osRtxKernelGetState                      0x00001899   Thumb Code     6  rtx_thread.o(i.osRtxKernelGetState)
    i.osRtxKernelPreInit                     0x000018a4   Section        0  rtx_lib.o(i.osRtxKernelPreInit)
    i.osRtxMemoryAlloc                       0x000018a6   Section        0  rtx_memory.o(i.osRtxMemoryAlloc)
    i.osRtxMemoryFree                        0x0000199e   Section        0  rtx_memory.o(i.osRtxMemoryFree)
    i.osRtxMemoryInit                        0x00001a22   Section        0  rtx_memory.o(i.osRtxMemoryInit)
    i.osRtxMemoryPoolAlloc                   0x00001a90   Section        0  rtx_mempool.o(i.osRtxMemoryPoolAlloc)
    i.osRtxMemoryPoolFree                    0x00001ad0   Section        0  rtx_mempool.o(i.osRtxMemoryPoolFree)
    i.osRtxMemoryPoolInit                    0x00001b22   Section        0  rtx_mempool.o(i.osRtxMemoryPoolInit)
    i.osRtxMessageQueuePostProcess           0x00001b82   Section        0  rtx_msgqueue.o(i.osRtxMessageQueuePostProcess)
    osRtxMessageQueuePostProcess             0x00001b83   Thumb Code   274  rtx_msgqueue.o(i.osRtxMessageQueuePostProcess)
    i.osRtxMutexOwnerRelease                 0x00001c94   Section        0  rtx_mutex.o(i.osRtxMutexOwnerRelease)
    i.osRtxPendSV_Handler                    0x00001cf4   Section        0  rtx_system.o(i.osRtxPendSV_Handler)
    i.osRtxPostProcess                       0x00001d78   Section        0  rtx_system.o(i.osRtxPostProcess)
    i.osRtxThreadBlock                       0x00001db8   Section        0  rtx_thread.o(i.osRtxThreadBlock)
    osRtxThreadBlock                         0x00001db9   Thumb Code    58  rtx_thread.o(i.osRtxThreadBlock)
    i.osRtxThreadDelayInsert                 0x00001df8   Section        0  rtx_thread.o(i.osRtxThreadDelayInsert)
    osRtxThreadDelayInsert                   0x00001df9   Thumb Code   108  rtx_thread.o(i.osRtxThreadDelayInsert)
    i.osRtxThreadDelayRemove                 0x00001e68   Section        0  rtx_thread.o(i.osRtxThreadDelayRemove)
    osRtxThreadDelayRemove                   0x00001e69   Thumb Code   124  rtx_thread.o(i.osRtxThreadDelayRemove)
    i.osRtxThreadDelayTick                   0x00001ee8   Section        0  rtx_thread.o(i.osRtxThreadDelayTick)
    i.osRtxThreadDispatch                    0x00001fcc   Section        0  rtx_thread.o(i.osRtxThreadDispatch)
    i.osRtxThreadFree                        0x0000203c   Section        0  rtx_thread.o(i.osRtxThreadFree)
    osRtxThreadFree                          0x0000203d   Thumb Code   102  rtx_thread.o(i.osRtxThreadFree)
    i.osRtxThreadGetRunning                  0x000020a8   Section        0  rtx_thread.o(i.osRtxThreadGetRunning)
    osRtxThreadGetRunning                    0x000020a9   Thumb Code     6  rtx_thread.o(i.osRtxThreadGetRunning)
    i.osRtxThreadListGet                     0x000020b4   Section        0  rtx_thread.o(i.osRtxThreadListGet)
    i.osRtxThreadListPut                     0x000020d4   Section        0  rtx_thread.o(i.osRtxThreadListPut)
    i.osRtxThreadListRemove                  0x0000210c   Section        0  rtx_thread.o(i.osRtxThreadListRemove)
    i.osRtxThreadListRoot                    0x0000212a   Section        0  rtx_thread.o(i.osRtxThreadListRoot)
    osRtxThreadListRoot                      0x0000212b   Thumb Code    20  rtx_thread.o(i.osRtxThreadListRoot)
    i.osRtxThreadListSort                    0x0000213e   Section        0  rtx_thread.o(i.osRtxThreadListSort)
    i.osRtxThreadPostProcess                 0x0000216c   Section        0  rtx_thread.o(i.osRtxThreadPostProcess)
    osRtxThreadPostProcess                   0x0000216d   Thumb Code    52  rtx_thread.o(i.osRtxThreadPostProcess)
    i.osRtxThreadReadyPut                    0x000021a0   Section        0  rtx_thread.o(i.osRtxThreadReadyPut)
    i.osRtxThreadRegPtr                      0x000021b8   Section        0  rtx_thread.o(i.osRtxThreadRegPtr)
    i.osRtxThreadSetRunning                  0x000021c8   Section        0  rtx_thread.o(i.osRtxThreadSetRunning)
    osRtxThreadSetRunning                    0x000021c9   Thumb Code     6  rtx_thread.o(i.osRtxThreadSetRunning)
    i.osRtxThreadStackCheck                  0x000021d4   Section        0  rtx_thread.o(i.osRtxThreadStackCheck)
    i.osRtxThreadStartup                     0x00002200   Section        0  rtx_thread.o(i.osRtxThreadStartup)
    i.osRtxThreadSwitch                      0x00002268   Section        0  rtx_thread.o(i.osRtxThreadSwitch)
    i.osRtxThreadWaitEnter                   0x00002284   Section        0  rtx_thread.o(i.osRtxThreadWaitEnter)
    i.osRtxThreadWaitExit                    0x000022d8   Section        0  rtx_thread.o(i.osRtxThreadWaitExit)
    i.osRtxTick_Handler                      0x0000230c   Section        0  rtx_system.o(i.osRtxTick_Handler)
    i.osRtxTimerThread                       0x000023b4   Section        0  rtx_timer.o(i.osRtxTimerThread)
    i.osRtxTimerTick                         0x00002410   Section        0  rtx_timer.o(i.osRtxTimerTick)
    osRtxTimerTick                           0x00002411   Thumb Code    94  rtx_timer.o(i.osRtxTimerTick)
    i.osThreadExit                           0x00002474   Section        0  rtx_thread.o(i.osThreadExit)
    i.osThreadNew                            0x00002494   Section        0  rtx_thread.o(i.osThreadNew)
    i.os_kernel_is_active                    0x000024e0   Section        0  rtx_lib.o(i.os_kernel_is_active)
    os_kernel_is_active                      0x000024e1   Thumb Code    30  rtx_lib.o(i.os_kernel_is_active)
    i.svcRtxEventFlagsNew                    0x00002504   Section        0  rtx_evflags.o(i.svcRtxEventFlagsNew)
    svcRtxEventFlagsNew                      0x00002505   Thumb Code   164  rtx_evflags.o(i.svcRtxEventFlagsNew)
    i.svcRtxEventFlagsSet                    0x000025b0   Section        0  rtx_evflags.o(i.svcRtxEventFlagsSet)
    svcRtxEventFlagsSet                      0x000025b1   Thumb Code   164  rtx_evflags.o(i.svcRtxEventFlagsSet)
    i.svcRtxEventFlagsWait                   0x00002654   Section        0  rtx_evflags.o(i.svcRtxEventFlagsWait)
    svcRtxEventFlagsWait                     0x00002655   Thumb Code   192  rtx_evflags.o(i.svcRtxEventFlagsWait)
    i.svcRtxKernelGetState                   0x00002718   Section        0  rtx_kernel.o(i.svcRtxKernelGetState)
    svcRtxKernelGetState                     0x00002719   Thumb Code    20  rtx_kernel.o(i.svcRtxKernelGetState)
    i.svcRtxKernelInitialize                 0x00002730   Section        0  rtx_kernel.o(i.svcRtxKernelInitialize)
    svcRtxKernelInitialize                   0x00002731   Thumb Code   652  rtx_kernel.o(i.svcRtxKernelInitialize)
    i.svcRtxKernelStart                      0x000029c4   Section        0  rtx_kernel.o(i.svcRtxKernelStart)
    svcRtxKernelStart                        0x000029c5   Thumb Code   196  rtx_kernel.o(i.svcRtxKernelStart)
    i.svcRtxMessageQueueGet                  0x00002a98   Section        0  rtx_msgqueue.o(i.svcRtxMessageQueueGet)
    svcRtxMessageQueueGet                    0x00002a99   Thumb Code   320  rtx_msgqueue.o(i.svcRtxMessageQueueGet)
    i.svcRtxMessageQueueNew                  0x00002bdc   Section        0  rtx_msgqueue.o(i.svcRtxMessageQueueNew)
    svcRtxMessageQueueNew                    0x00002bdd   Thumb Code   436  rtx_msgqueue.o(i.svcRtxMessageQueueNew)
    i.svcRtxMessageQueuePut                  0x00002d98   Section        0  rtx_msgqueue.o(i.svcRtxMessageQueuePut)
    svcRtxMessageQueuePut                    0x00002d99   Thumb Code   298  rtx_msgqueue.o(i.svcRtxMessageQueuePut)
    i.svcRtxMutexAcquire                     0x00002ec8   Section        0  rtx_mutex.o(i.svcRtxMutexAcquire)
    svcRtxMutexAcquire                       0x00002ec9   Thumb Code   270  rtx_mutex.o(i.svcRtxMutexAcquire)
    i.svcRtxMutexDelete                      0x00002fdc   Section        0  rtx_mutex.o(i.svcRtxMutexDelete)
    svcRtxMutexDelete                        0x00002fdd   Thumb Code   248  rtx_mutex.o(i.svcRtxMutexDelete)
    i.svcRtxMutexNew                         0x000030d8   Section        0  rtx_mutex.o(i.svcRtxMutexNew)
    svcRtxMutexNew                           0x000030d9   Thumb Code   174  rtx_mutex.o(i.svcRtxMutexNew)
    i.svcRtxMutexRelease                     0x0000318c   Section        0  rtx_mutex.o(i.svcRtxMutexRelease)
    svcRtxMutexRelease                       0x0000318d   Thumb Code   278  rtx_mutex.o(i.svcRtxMutexRelease)
    i.svcRtxThreadExit                       0x000032a8   Section        0  rtx_thread.o(i.svcRtxThreadExit)
    svcRtxThreadExit                         0x000032a9   Thumb Code   154  rtx_thread.o(i.svcRtxThreadExit)
    i.svcRtxThreadNew                        0x00003348   Section        0  rtx_thread.o(i.svcRtxThreadNew)
    svcRtxThreadNew                          0x00003349   Thumb Code   656  rtx_thread.o(i.svcRtxThreadNew)
    .constdata                               0x000035f0   Section       36  rtos.o(.constdata)
    ThreadAttr_Typewriter                    0x000035f0   Data          36  rtos.o(.constdata)
    .constdata                               0x00003614   Section        1  irq_cm0.o(.constdata)
    .constdata                               0x00003618   Section      100  rtx_lib.o(.constdata)
    os_idle_thread_attr                      0x00003618   Data          36  rtx_lib.o(.constdata)
    os_timer_thread_attr                     0x0000363c   Data          36  rtx_lib.o(.constdata)
    os_timer_mq_attr                         0x00003660   Data          24  rtx_lib.o(.constdata)
    .conststrlit                             0x0000367c   Section       11  rtx_kernel.o(.conststrlit)
    .rodata                                  0x00003688   Section      104  rtx_lib.o(.rodata)
    __tagsym$$used                           0x00003688   Number         0  rtx_lib.o(.rodata)
    .bss.os                                  0x20000000   Section     4160  rtx_lib.o(.bss.os)
    os_mem                                   0x20000000   Data        4096  rtx_lib.o(.bss.os)
    os_isr_queue                             0x20001000   Data          64  rtx_lib.o(.bss.os)
    .bss.os.msgqueue.cb                      0x20001040   Section       52  rtx_lib.o(.bss.os.msgqueue.cb)
    os_timer_mq_cb                           0x20001040   Data          52  rtx_lib.o(.bss.os.msgqueue.cb)
    .bss.os.msgqueue.mem                     0x20001074   Section       80  rtx_lib.o(.bss.os.msgqueue.mem)
    os_timer_mq_data                         0x20001074   Data          80  rtx_lib.o(.bss.os.msgqueue.mem)
    .bss.os.thread.cb                        0x200010c4   Section      136  rtx_lib.o(.bss.os.thread.cb)
    os_idle_thread_cb                        0x200010c4   Data          68  rtx_lib.o(.bss.os.thread.cb)
    os_timer_thread_cb                       0x20001108   Data          68  rtx_lib.o(.bss.os.thread.cb)
    .bss.os.thread.stack                     0x20001150   Section      512  rtx_lib.o(.bss.os.thread.stack)
    os_idle_thread_stack                     0x20001150   Data         256  rtx_lib.o(.bss.os.thread.stack)
    os_timer_thread_stack                    0x20001250   Data         256  rtx_lib.o(.bss.os.thread.stack)
    .data                                    0x20001350   Section        2  uart.o(.data)
    x                                        0x20001350   Data           1  uart.o(.data)
    y                                        0x20001351   Data           1  uart.o(.data)
    .data                                    0x20001354   Section        4  rtos.o(.data)
    .data                                    0x20001358   Section     1344  lcd_b.o(.data)
    Font_6x8_Data                            0x20001358   Data        1344  lcd_b.o(.data)
    .data                                    0x20001898   Section        5  rtx_lib.o(.data)
    os_kernel_active                         0x2000189c   Data           1  rtx_lib.o(.data)
    .data                                    0x2000189d   Section        1  os_systick.o(.data)
    PendST                                   0x2000189d   Data           1  os_systick.o(.data)
    .data                                    0x200018a0   Section        4  system_mdr1986ve1t.o(.data)
    .data.os                                 0x200018a4   Section      164  rtx_kernel.o(.data.os)
    .bss                                     0x20001948   Section       96  libspace.o(.bss)
    HEAP                                     0x200019a8   Section     4096  startup_mdr1986ve1t.o(HEAP)
    Heap_Mem                                 0x200019a8   Data        4096  startup_mdr1986ve1t.o(HEAP)
    STACK                                    0x200029a8   Section     4096  startup_mdr1986ve1t.o(STACK)
    Stack_Mem                                0x200029a8   Data        4096  startup_mdr1986ve1t.o(STACK)
    __initial_sp                             0x200039a8   Data           0  startup_mdr1986ve1t.o(STACK)

    Global Symbols

    Symbol Name                              Value     Ov Type        Size  Object(Section)

    BuildAttributes$$THM_ISAv3M$S$PE$A:L22$X:L11$S22$IEEE1$IW$USESV6$~STKCKD$USESV7$~SHL$OSPACE$ROPI$EBA8$UX$STANDARDLIB$REQ8$PRES8$EABIv2 0x00000000   Number         0  anon$$obj.o ABSOLUTE
    __ARM_use_no_argv                        0x00000000   Number         0  main.o ABSOLUTE
    __Vectors                                0x00000000   Data           4  startup_mdr1986ve1t.o(RESET)
    .bss.os.evflags.cb$$Base                  - Undefined Weak Reference
    .bss.os.evflags.cb$$Limit                 - Undefined Weak Reference
    .bss.os.mempool.cb$$Base                  - Undefined Weak Reference
    .bss.os.mempool.cb$$Limit                 - Undefined Weak Reference
    .bss.os.mutex.cb$$Base                    - Undefined Weak Reference
    .bss.os.mutex.cb$$Limit                   - Undefined Weak Reference
    .bss.os.semaphore.cb$$Base                - Undefined Weak Reference
    .bss.os.semaphore.cb$$Limit               - Undefined Weak Reference
    .bss.os.timer.cb$$Base                    - Undefined Weak Reference
    .bss.os.timer.cb$$Limit                   - Undefined Weak Reference
    __ARM_exceptions_init                     - Undefined Weak Reference
    __alloca_initialize                       - Undefined Weak Reference
    __arm_preinit_                            - Undefined Weak Reference
    __cpp_initialize__aeabi_                  - Undefined Weak Reference
    __cxa_finalize                            - Undefined Weak Reference
    __rt_locale                               - Undefined Weak Reference
    __sigvec_lookup                           - Undefined Weak Reference
    _atexit_init                              - Undefined Weak Reference
    _call_atexit_fns                          - Undefined Weak Reference
    _clock_init                               - Undefined Weak Reference
    _fp_trap_init                             - Undefined Weak Reference
    _fp_trap_shutdown                         - Undefined Weak Reference
    _get_lc_collate                           - Undefined Weak Reference
    _get_lc_ctype                             - Undefined Weak Reference
    _get_lc_monetary                          - Undefined Weak Reference
    _get_lc_numeric                           - Undefined Weak Reference
    _get_lc_time                              - Undefined Weak Reference
    _getenv_init                              - Undefined Weak Reference
    _handle_redirection                       - Undefined Weak Reference
    _init_alloc                               - Undefined Weak Reference
    _init_user_alloc                          - Undefined Weak Reference
    _initio                                   - Undefined Weak Reference
    _rand_init                                - Undefined Weak Reference
    _signal_finish                            - Undefined Weak Reference
    _signal_init                              - Undefined Weak Reference
    _terminate_alloc                          - Undefined Weak Reference
    _terminate_user_alloc                     - Undefined Weak Reference
    _terminateio                              - Undefined Weak Reference
    __main                                   0x000000c1   Thumb Code     8  __main.o(!!!main)
    __scatterload                            0x000000c9   Thumb Code     0  __scatter.o(!!!scatter)
    __scatterload_rt2                        0x000000c9   Thumb Code    52  __scatter.o(!!!scatter)
    __scatterload_rt2_thumb_only             0x000000c9   Thumb Code     0  __scatter.o(!!!scatter)
    __scatterload_null                       0x000000d9   Thumb Code     0  __scatter.o(!!!scatter)
    __scatterload_zeroinit                   0x00000105   Thumb Code    28  __scatter_zi.o(!!handler_zi)
    __rt_lib_init                            0x00000121   Thumb Code     0  libinit.o(.ARM.Collect$$libinit$$00000000)
    __rt_lib_init_alloca_1                   0x00000123   Thumb Code     0  libinit2.o(.ARM.Collect$$libinit$$0000002E)
    __rt_lib_init_argv_1                     0x00000123   Thumb Code     0  libinit2.o(.ARM.Collect$$libinit$$0000002C)
    __rt_lib_init_atexit_1                   0x00000123   Thumb Code     0  libinit2.o(.ARM.Collect$$libinit$$0000001B)
    __rt_lib_init_clock_1                    0x00000123   Thumb Code     0  libinit2.o(.ARM.Collect$$libinit$$00000021)
    __rt_lib_init_cpp_1                      0x00000123   Thumb Code     0  libinit2.o(.ARM.Collect$$libinit$$00000032)
    __rt_lib_init_exceptions_1               0x00000123   Thumb Code     0  libinit2.o(.ARM.Collect$$libinit$$00000030)
    __rt_lib_init_fp_1                       0x00000123   Thumb Code     0  libinit2.o(.ARM.Collect$$libinit$$00000002)
    __rt_lib_init_fp_trap_1                  0x00000123   Thumb Code     0  libinit2.o(.ARM.Collect$$libinit$$0000001F)
    __rt_lib_init_getenv_1                   0x00000123   Thumb Code     0  libinit2.o(.ARM.Collect$$libinit$$00000023)
    __rt_lib_init_heap_1                     0x00000123   Thumb Code     0  libinit2.o(.ARM.Collect$$libinit$$0000000A)
    __rt_lib_init_lc_collate_1               0x00000123   Thumb Code     0  libinit2.o(.ARM.Collect$$libinit$$00000011)
    __rt_lib_init_lc_ctype_1                 0x00000123   Thumb Code     0  libinit2.o(.ARM.Collect$$libinit$$00000013)
    __rt_lib_init_lc_monetary_1              0x00000123   Thumb Code     0  libinit2.o(.ARM.Collect$$libinit$$00000015)
    __rt_lib_init_lc_numeric_1               0x00000123   Thumb Code     0  libinit2.o(.ARM.Collect$$libinit$$00000017)
    __rt_lib_init_lc_time_1                  0x00000123   Thumb Code     0  libinit2.o(.ARM.Collect$$libinit$$00000019)
    __rt_lib_init_preinit_1                  0x00000123   Thumb Code     0  libinit2.o(.ARM.Collect$$libinit$$00000004)
    __rt_lib_init_rand_1                     0x00000123   Thumb Code     0  libinit2.o(.ARM.Collect$$libinit$$0000000E)
    __rt_lib_init_return                     0x00000123   Thumb Code     0  libinit2.o(.ARM.Collect$$libinit$$00000033)
    __rt_lib_init_signal_1                   0x00000123   Thumb Code     0  libinit2.o(.ARM.Collect$$libinit$$0000001D)
    __rt_lib_init_stdio_1                    0x00000123   Thumb Code     0  libinit2.o(.ARM.Collect$$libinit$$00000025)
    __rt_lib_init_user_alloc_1               0x00000123   Thumb Code     0  libinit2.o(.ARM.Collect$$libinit$$0000000C)
    __rt_lib_shutdown                        0x00000125   Thumb Code     0  libshutdown.o(.ARM.Collect$$libshutdown$$00000000)
    __rt_lib_shutdown_cpp_1                  0x00000127   Thumb Code     0  libshutdown2.o(.ARM.Collect$$libshutdown$$00000002)
    __rt_lib_shutdown_fp_trap_1              0x00000127   Thumb Code     0  libshutdown2.o(.ARM.Collect$$libshutdown$$00000007)
    __rt_lib_shutdown_heap_1                 0x00000127   Thumb Code     0  libshutdown2.o(.ARM.Collect$$libshutdown$$0000000F)
    __rt_lib_shutdown_return                 0x00000127   Thumb Code     0  libshutdown2.o(.ARM.Collect$$libshutdown$$00000010)
    __rt_lib_shutdown_signal_1               0x00000127   Thumb Code     0  libshutdown2.o(.ARM.Collect$$libshutdown$$0000000A)
    __rt_lib_shutdown_stdio_1                0x00000127   Thumb Code     0  libshutdown2.o(.ARM.Collect$$libshutdown$$00000004)
    __rt_lib_shutdown_user_alloc_1           0x00000127   Thumb Code     0  libshutdown2.o(.ARM.Collect$$libshutdown$$0000000C)
    __rt_entry                               0x00000129   Thumb Code     0  __rtentry.o(.ARM.Collect$$rtentry$$00000000)
    __rt_entry_presh_1                       0x00000129   Thumb Code     0  __rtentry2.o(.ARM.Collect$$rtentry$$00000002)
    __rt_entry_sh                            0x00000129   Thumb Code     0  __rtentry4.o(.ARM.Collect$$rtentry$$00000004)
    __rt_entry_postsh_1                      0x0000012f   Thumb Code     0  __rtentry2.o(.ARM.Collect$$rtentry$$00000008)
    __rt_entry_li                            0x00000137   Thumb Code     0  __rtentry2.o(.ARM.Collect$$rtentry$$0000000A)
    __rt_entry_main                          0x0000013b   Thumb Code     0  __rtentry2.o(.ARM.Collect$$rtentry$$0000000D)
    __rt_entry_postli_1                      0x0000013b   Thumb Code     0  __rtentry2.o(.ARM.Collect$$rtentry$$0000000C)
    __rt_exit                                0x00000143   Thumb Code     0  rtexit.o(.ARM.Collect$$rtexit$$00000000)
    __rt_exit_ls                             0x00000145   Thumb Code     0  rtexit2.o(.ARM.Collect$$rtexit$$00000003)
    __rt_exit_prels_1                        0x00000145   Thumb Code     0  rtexit2.o(.ARM.Collect$$rtexit$$00000002)
    __rt_exit_exit                           0x00000149   Thumb Code     0  rtexit2.o(.ARM.Collect$$rtexit$$00000004)
    __aeabi_memcpy4                          0x00000151   Thumb Code    56  rt_memcpy.o(.emb_text)
    __aeabi_memcpy8                          0x00000151   Thumb Code     0  rt_memcpy.o(.emb_text)
    SVC_Handler                              0x00000189   Thumb Code   132  irq_cm0.o(.text)
    PendSV_Handler                           0x0000020d   Thumb Code    12  irq_cm0.o(.text)
    SysTick_Handler                          0x00000219   Thumb Code    12  irq_cm0.o(.text)
    Reset_Handler                            0x0000022d   Thumb Code     4  startup_mdr1986ve1t.o(.text)
    NMI_Handler                              0x00000231   Thumb Code     2  startup_mdr1986ve1t.o(.text)
    HardFault_Handler                        0x00000233   Thumb Code     2  startup_mdr1986ve1t.o(.text)
    MIL_STD_1553B2_IRQHandler                0x0000023b   Thumb Code     2  startup_mdr1986ve1t.o(.text)
    MIL_STD_1553B1_IRQHandler                0x0000023d   Thumb Code     2  startup_mdr1986ve1t.o(.text)
    USB_IRQHandler                           0x0000023f   Thumb Code     2  startup_mdr1986ve1t.o(.text)
    CAN1_IRQHandler                          0x00000241   Thumb Code     2  startup_mdr1986ve1t.o(.text)
    CAN2_IRQHandler                          0x00000243   Thumb Code     2  startup_mdr1986ve1t.o(.text)
    DMA_IRQHandler                           0x00000245   Thumb Code     2  startup_mdr1986ve1t.o(.text)
    UART2_IRQHandler                         0x00000249   Thumb Code     2  startup_mdr1986ve1t.o(.text)
    SSP1_IRQHandler                          0x0000024b   Thumb Code     2  startup_mdr1986ve1t.o(.text)
    BUSY_IRQHandler                          0x0000024d   Thumb Code     2  startup_mdr1986ve1t.o(.text)
    ARINC429R_IRQHandler                     0x0000024f   Thumb Code     2  startup_mdr1986ve1t.o(.text)
    POWER_IRQHandler                         0x00000251   Thumb Code     2  startup_mdr1986ve1t.o(.text)
    WWDG_IRQHandler                          0x00000253   Thumb Code     2  startup_mdr1986ve1t.o(.text)
    TIMER4_IRQHandler                        0x00000255   Thumb Code     2  startup_mdr1986ve1t.o(.text)
    TIMER1_IRQHandler                        0x00000257   Thumb Code     2  startup_mdr1986ve1t.o(.text)
    TIMER2_IRQHandler                        0x00000259   Thumb Code     2  startup_mdr1986ve1t.o(.text)
    TIMER3_IRQHandler                        0x0000025b   Thumb Code     2  startup_mdr1986ve1t.o(.text)
    ADC_IRQHandler                           0x0000025d   Thumb Code     2  startup_mdr1986ve1t.o(.text)
    ETHERNET_IRQHandler                      0x0000025f   Thumb Code     2  startup_mdr1986ve1t.o(.text)
    SSP3_IRQHandler                          0x00000261   Thumb Code     2  startup_mdr1986ve1t.o(.text)
    SSP2_IRQHandler                          0x00000263   Thumb Code     2  startup_mdr1986ve1t.o(.text)
    ARINC429T1_IRQHandler                    0x00000265   Thumb Code     2  startup_mdr1986ve1t.o(.text)
    ARINC429T2_IRQHandler                    0x00000267   Thumb Code     2  startup_mdr1986ve1t.o(.text)
    ARINC429T3_IRQHandler                    0x00000269   Thumb Code     2  startup_mdr1986ve1t.o(.text)
    ARINC429T4_IRQHandler                    0x0000026b   Thumb Code     2  startup_mdr1986ve1t.o(.text)
    BKP_IRQHandler                           0x0000026d   Thumb Code     2  startup_mdr1986ve1t.o(.text)
    EXT_INT1_IRQHandler                      0x0000026f   Thumb Code     2  startup_mdr1986ve1t.o(.text)
    EXT_INT2_IRQHandler                      0x00000271   Thumb Code     2  startup_mdr1986ve1t.o(.text)
    EXT_INT3_IRQHandler                      0x00000273   Thumb Code     2  startup_mdr1986ve1t.o(.text)
    EXT_INT4_IRQHandler                      0x00000275   Thumb Code     2  startup_mdr1986ve1t.o(.text)
    __user_initial_stackheap                 0x00000279   Thumb Code     0  startup_mdr1986ve1t.o(.text)
    __aeabi_memcpy                           0x00000299   Thumb Code   130  rt_memcpy.o(.text)
    __rt_memcpy                              0x00000299   Thumb Code     0  rt_memcpy.o(.text)
    _memset_w                                0x0000031b   Thumb Code    26  rt_memclr.o(.text)
    _memset                                  0x00000335   Thumb Code    30  rt_memclr.o(.text)
    __aeabi_memclr                           0x00000353   Thumb Code     4  rt_memclr.o(.text)
    __rt_memclr                              0x00000353   Thumb Code     0  rt_memclr.o(.text)
    __aeabi_memclr4                          0x00000357   Thumb Code     0  rt_memclr.o(.text)
    __aeabi_memclr8                          0x00000357   Thumb Code     0  rt_memclr.o(.text)
    __rt_memclr_w                            0x00000357   Thumb Code     4  rt_memclr.o(.text)
    __aeabi_uidiv                            0x0000035b   Thumb Code     0  aeabi_sdiv.o(.text)
    __aeabi_uidivmod                         0x0000035b   Thumb Code    20  aeabi_sdiv.o(.text)
    __aeabi_idiv                             0x0000036f   Thumb Code     0  aeabi_sdiv.o(.text)
    __aeabi_idivmod                          0x0000036f   Thumb Code   326  aeabi_sdiv.o(.text)
    __use_two_region_memory                  0x000004b5   Thumb Code     2  heapauxi.o(.text)
    __rt_heap_escrow$2region                 0x000004b7   Thumb Code     2  heapauxi.o(.text)
    __rt_heap_expand$2region                 0x000004b9   Thumb Code     2  heapauxi.o(.text)
    __user_setup_stackheap                   0x000004bb   Thumb Code    62  sys_stackheap_outer.o(.text)
    exit                                     0x000004f9   Thumb Code    16  exit.o(.text)
    __user_libspace                          0x00000509   Thumb Code     8  libspace.o(.text)
    __user_perproc_libspace                  0x00000509   Thumb Code     0  libspace.o(.text)
    _sys_exit                                0x00000511   Thumb Code     8  sys_exit.o(.text)
    __I$use$semihosting                      0x0000051d   Thumb Code     0  use_no_semi.o(.text)
    __use_no_semihosting_swi                 0x0000051d   Thumb Code     2  use_no_semi.o(.text)
    __decompress                             0x0000051f   Thumb Code     0  __dczerorl2.o(.text)
    __decompress1                            0x0000051f   Thumb Code    86  __dczerorl2.o(.text)
    __semihosting_library_function           0x0000051f   Thumb Code     0  indicate_semi.o(.text)
    CPU_Init                                 0x00000575   Thumb Code    98  clk.o(i.CPU_Init)
    ClearLCD                                 0x000005e5   Thumb Code   116  lcd.o(i.ClearLCD)
    ClearPage                                0x00000659   Thumb Code    88  lcd.o(i.ClearPage)
    DisplayOnOff                             0x000006b1   Thumb Code    26  lcd.o(i.DisplayOnOff)
    EvrRtxEventFlagsCreated                  0x00000761   Thumb Code     2  rtx_evr.o(i.EvrRtxEventFlagsCreated)
    EvrRtxEventFlagsError                    0x00000763   Thumb Code     2  rtx_evr.o(i.EvrRtxEventFlagsError)
    EvrRtxEventFlagsNew                      0x00000765   Thumb Code     2  rtx_evr.o(i.EvrRtxEventFlagsNew)
    EvrRtxEventFlagsSet                      0x00000767   Thumb Code     2  rtx_evr.o(i.EvrRtxEventFlagsSet)
    EvrRtxEventFlagsSetDone                  0x00000769   Thumb Code     2  rtx_evr.o(i.EvrRtxEventFlagsSetDone)
    EvrRtxEventFlagsWait                     0x0000076b   Thumb Code     2  rtx_evr.o(i.EvrRtxEventFlagsWait)
    EvrRtxEventFlagsWaitCompleted            0x0000076d   Thumb Code     2  rtx_evr.o(i.EvrRtxEventFlagsWaitCompleted)
    EvrRtxEventFlagsWaitNotCompleted         0x0000076f   Thumb Code     2  rtx_evr.o(i.EvrRtxEventFlagsWaitNotCompleted)
    EvrRtxEventFlagsWaitPending              0x00000771   Thumb Code     2  rtx_evr.o(i.EvrRtxEventFlagsWaitPending)
    EvrRtxEventFlagsWaitTimeout              0x00000773   Thumb Code     2  rtx_evr.o(i.EvrRtxEventFlagsWaitTimeout)
    EvrRtxKernelError                        0x00000775   Thumb Code     2  rtx_evr.o(i.EvrRtxKernelError)
    EvrRtxKernelGetState                     0x00000777   Thumb Code     2  rtx_evr.o(i.EvrRtxKernelGetState)
    EvrRtxKernelInitialize                   0x00000779   Thumb Code     2  rtx_evr.o(i.EvrRtxKernelInitialize)
    EvrRtxKernelInitialized                  0x0000077b   Thumb Code     2  rtx_evr.o(i.EvrRtxKernelInitialized)
    EvrRtxKernelStart                        0x0000077d   Thumb Code     2  rtx_evr.o(i.EvrRtxKernelStart)
    EvrRtxKernelStarted                      0x0000077f   Thumb Code     2  rtx_evr.o(i.EvrRtxKernelStarted)
    EvrRtxMemoryAlloc                        0x00000781   Thumb Code     2  rtx_evr.o(i.EvrRtxMemoryAlloc)
    EvrRtxMemoryBlockAlloc                   0x00000783   Thumb Code     2  rtx_evr.o(i.EvrRtxMemoryBlockAlloc)
    EvrRtxMemoryBlockFree                    0x00000785   Thumb Code     2  rtx_evr.o(i.EvrRtxMemoryBlockFree)
    EvrRtxMemoryBlockInit                    0x00000787   Thumb Code     2  rtx_evr.o(i.EvrRtxMemoryBlockInit)
    EvrRtxMemoryFree                         0x00000789   Thumb Code     2  rtx_evr.o(i.EvrRtxMemoryFree)
    EvrRtxMemoryInit                         0x0000078b   Thumb Code     2  rtx_evr.o(i.EvrRtxMemoryInit)
    EvrRtxMemoryPoolAllocTimeout             0x0000078d   Thumb Code     2  rtx_evr.o(i.EvrRtxMemoryPoolAllocTimeout)
    EvrRtxMessageQueueCreated                0x0000078f   Thumb Code     2  rtx_evr.o(i.EvrRtxMessageQueueCreated)
    EvrRtxMessageQueueError                  0x00000791   Thumb Code     2  rtx_evr.o(i.EvrRtxMessageQueueError)
    EvrRtxMessageQueueGet                    0x00000793   Thumb Code     2  rtx_evr.o(i.EvrRtxMessageQueueGet)
    EvrRtxMessageQueueGetPending             0x00000795   Thumb Code     2  rtx_evr.o(i.EvrRtxMessageQueueGetPending)
    EvrRtxMessageQueueGetTimeout             0x00000797   Thumb Code     2  rtx_evr.o(i.EvrRtxMessageQueueGetTimeout)
    EvrRtxMessageQueueInsertPending          0x00000799   Thumb Code     2  rtx_evr.o(i.EvrRtxMessageQueueInsertPending)
    EvrRtxMessageQueueInserted               0x0000079b   Thumb Code     2  rtx_evr.o(i.EvrRtxMessageQueueInserted)
    EvrRtxMessageQueueNew                    0x0000079d   Thumb Code     2  rtx_evr.o(i.EvrRtxMessageQueueNew)
    EvrRtxMessageQueueNotInserted            0x0000079f   Thumb Code     2  rtx_evr.o(i.EvrRtxMessageQueueNotInserted)
    EvrRtxMessageQueueNotRetrieved           0x000007a1   Thumb Code     2  rtx_evr.o(i.EvrRtxMessageQueueNotRetrieved)
    EvrRtxMessageQueuePut                    0x000007a3   Thumb Code     2  rtx_evr.o(i.EvrRtxMessageQueuePut)
    EvrRtxMessageQueuePutPending             0x000007a5   Thumb Code     2  rtx_evr.o(i.EvrRtxMessageQueuePutPending)
    EvrRtxMessageQueuePutTimeout             0x000007a7   Thumb Code     2  rtx_evr.o(i.EvrRtxMessageQueuePutTimeout)
    EvrRtxMessageQueueRetrieved              0x000007a9   Thumb Code     2  rtx_evr.o(i.EvrRtxMessageQueueRetrieved)
    EvrRtxMutexAcquire                       0x000007ab   Thumb Code     2  rtx_evr.o(i.EvrRtxMutexAcquire)
    EvrRtxMutexAcquirePending                0x000007ad   Thumb Code     2  rtx_evr.o(i.EvrRtxMutexAcquirePending)
    EvrRtxMutexAcquireTimeout                0x000007af   Thumb Code     2  rtx_evr.o(i.EvrRtxMutexAcquireTimeout)
    EvrRtxMutexAcquired                      0x000007b1   Thumb Code     2  rtx_evr.o(i.EvrRtxMutexAcquired)
    EvrRtxMutexCreated                       0x000007b3   Thumb Code     2  rtx_evr.o(i.EvrRtxMutexCreated)
    EvrRtxMutexDelete                        0x000007b5   Thumb Code     2  rtx_evr.o(i.EvrRtxMutexDelete)
    EvrRtxMutexDestroyed                     0x000007b7   Thumb Code     2  rtx_evr.o(i.EvrRtxMutexDestroyed)
    EvrRtxMutexError                         0x000007b9   Thumb Code     2  rtx_evr.o(i.EvrRtxMutexError)
    EvrRtxMutexNew                           0x000007bb   Thumb Code     2  rtx_evr.o(i.EvrRtxMutexNew)
    EvrRtxMutexNotAcquired                   0x000007bd   Thumb Code     2  rtx_evr.o(i.EvrRtxMutexNotAcquired)
    EvrRtxMutexRelease                       0x000007bf   Thumb Code     2  rtx_evr.o(i.EvrRtxMutexRelease)
    EvrRtxMutexReleased                      0x000007c1   Thumb Code     2  rtx_evr.o(i.EvrRtxMutexReleased)
    EvrRtxSemaphoreAcquireTimeout            0x000007c3   Thumb Code     2  rtx_evr.o(i.EvrRtxSemaphoreAcquireTimeout)
    EvrRtxThreadBlocked                      0x000007c5   Thumb Code     2  rtx_evr.o(i.EvrRtxThreadBlocked)
    EvrRtxThreadCreated                      0x000007c7   Thumb Code     2  rtx_evr.o(i.EvrRtxThreadCreated)
    EvrRtxThreadDelayCompleted               0x000007c9   Thumb Code     2  rtx_evr.o(i.EvrRtxThreadDelayCompleted)
    EvrRtxThreadDestroyed                    0x000007cb   Thumb Code     2  rtx_evr.o(i.EvrRtxThreadDestroyed)
    EvrRtxThreadError                        0x000007cd   Thumb Code     2  rtx_evr.o(i.EvrRtxThreadError)
    EvrRtxThreadExit                         0x000007cf   Thumb Code     2  rtx_evr.o(i.EvrRtxThreadExit)
    EvrRtxThreadFlagsWaitCompleted           0x000007d1   Thumb Code     2  rtx_evr.o(i.EvrRtxThreadFlagsWaitCompleted)
    EvrRtxThreadFlagsWaitTimeout             0x000007d3   Thumb Code     2  rtx_evr.o(i.EvrRtxThreadFlagsWaitTimeout)
    EvrRtxThreadJoined                       0x000007d5   Thumb Code     2  rtx_evr.o(i.EvrRtxThreadJoined)
    EvrRtxThreadNew                          0x000007d7   Thumb Code     2  rtx_evr.o(i.EvrRtxThreadNew)
    EvrRtxThreadPreempted                    0x000007d9   Thumb Code     2  rtx_evr.o(i.EvrRtxThreadPreempted)
    EvrRtxThreadSwitched                     0x000007db   Thumb Code     2  rtx_evr.o(i.EvrRtxThreadSwitched)
    EvrRtxThreadUnblocked                    0x000007dd   Thumb Code     2  rtx_evr.o(i.EvrRtxThreadUnblocked)
    EvrRtxTimerCallback                      0x000007df   Thumb Code     2  rtx_evr.o(i.EvrRtxTimerCallback)
    LCDInit                                  0x000008a5   Thumb Code    32  lcd.o(i.LCDInit)
    LCD_Delay                                0x000008c5   Thumb Code    18  lcd.o(i.LCD_Delay)
    LCD_PutSymbol                            0x000008d9   Thumb Code    60  lcd_b.o(i.LCD_PutSymbol)
    LCD_PutSymbolModified                    0x00000919   Thumb Code   250  uart.o(i.LCD_PutSymbolModified)
    OS_Tick_AcknowledgeIRQ                   0x00000af1   Thumb Code     6  os_systick.o(i.OS_Tick_AcknowledgeIRQ)
    OS_Tick_Enable                           0x00000afd   Thumb Code    36  os_systick.o(i.OS_Tick_Enable)
    OS_Tick_GetIRQn                          0x00000b2d   Thumb Code     6  os_systick.o(i.OS_Tick_GetIRQn)
    OS_Tick_Setup                            0x00000b35   Thumb Code    74  os_systick.o(i.OS_Tick_Setup)
    Pause8us                                 0x00000b95   Thumb Code    10  lcd.o(i.Pause8us)
    PortsForLCD                              0x00000ba1   Thumb Code   166  lcd.o(i.PortsForLCD)
    PrintConstText                           0x00000c65   Thumb Code    80  lcd_b.o(i.PrintConstText)
    PrintSymbol                              0x00000cb5   Thumb Code    44  lcd_b.o(i.PrintSymbol)
    RTOS_Init                                0x00000ce5   Thumb Code    32  rtos.o(i.RTOS_Init)
    ResetLCD                                 0x00000d11   Thumb Code    24  lcd.o(i.ResetLCD)
    SetAddress                               0x00000d2d   Thumb Code    44  lcd.o(i.SetAddress)
    SetPage                                  0x00000d59   Thumb Code    44  lcd.o(i.SetPage)
    SetStartLine                             0x00000d85   Thumb Code    42  lcd.o(i.SetStartLine)
    StrLen                                   0x00000daf   Thumb Code    22  lcd_b.o(i.StrLen)
    SystemBusInit                            0x00000dc5   Thumb Code    22  lcd.o(i.SystemBusInit)
    SystemCoreClockUpdate                    0x00000de9   Thumb Code   140  system_mdr1986ve1t.o(i.SystemCoreClockUpdate)
    Thread_Typewriter                        0x00000efd   Thumb Code    74  uart.o(i.Thread_Typewriter)
    UART1_IRQHandler                         0x00000fc1   Thumb Code    80  uart.o(i.UART1_IRQHandler)
    UART_Init                                0x00001019   Thumb Code   148  uart.o(i.UART_Init)
    UART_PortCfg                             0x000010c5   Thumb Code    56  uart.o(i.UART_PortCfg)
    UART_Reset                               0x00001101   Thumb Code    36  uart.o(i.UART_Reset)
    WriteByte                                0x00001125   Thumb Code    42  lcd.o(i.WriteByte)
    __ARM_clz                                0x0000114f   Thumb Code    58  rtx_mempool.o(i.__ARM_clz)
    __ARM_common_switch8                     0x00001189   Thumb Code    28  rtx_system.o(i.__ARM_common_switch8)
    _mutex_acquire                           0x000011b1   Thumb Code    24  rtx_lib.o(i._mutex_acquire)
    _mutex_free                              0x000011c9   Thumb Code    12  rtx_lib.o(i._mutex_free)
    _mutex_initialize                        0x000011d5   Thumb Code    36  rtx_lib.o(i._mutex_initialize)
    _mutex_release                           0x000011f9   Thumb Code    20  rtx_lib.o(i._mutex_release)
    _platform_post_stackheap_init            0x0000120d   Thumb Code     8  rtx_lib.o(i._platform_post_stackheap_init)
    main                                     0x00001455   Thumb Code    26  main.o(i.main)
    osEventFlagsNew                          0x00001471   Thumb Code    56  rtx_evflags.o(i.osEventFlagsNew)
    osEventFlagsSet                          0x000014ad   Thumb Code   132  rtx_evflags.o(i.osEventFlagsSet)
    osEventFlagsWait                         0x00001535   Thumb Code    82  rtx_evflags.o(i.osEventFlagsWait)
    osKernelGetState                         0x0000158d   Thumb Code    48  rtx_kernel.o(i.osKernelGetState)
    osKernelInitialize                       0x000015c1   Thumb Code    54  rtx_kernel.o(i.osKernelInitialize)
    osKernelStart                            0x000015fd   Thumb Code    50  rtx_kernel.o(i.osKernelStart)
    osMessageQueueGet                        0x00001635   Thumb Code    82  rtx_msgqueue.o(i.osMessageQueueGet)
    osMessageQueueNew                        0x0000168d   Thumb Code    72  rtx_msgqueue.o(i.osMessageQueueNew)
    osMessageQueuePut                        0x000016d9   Thumb Code    82  rtx_msgqueue.o(i.osMessageQueuePut)
    osMutexAcquire                           0x00001731   Thumb Code    64  rtx_mutex.o(i.osMutexAcquire)
    osMutexDelete                            0x00001775   Thumb Code    58  rtx_mutex.o(i.osMutexDelete)
    osMutexNew                               0x000017b5   Thumb Code    56  rtx_mutex.o(i.osMutexNew)
    osMutexRelease                           0x000017f1   Thumb Code    58  rtx_mutex.o(i.osMutexRelease)
    osRtxErrorNotify                         0x00001831   Thumb Code    32  rtx_config.o(i.osRtxErrorNotify)
    osRtxIdleThread                          0x00001893   Thumb Code     4  rtx_config.o(i.osRtxIdleThread)
    osRtxKernelPreInit                       0x000018a5   Thumb Code     2  rtx_lib.o(i.osRtxKernelPreInit)
    osRtxMemoryAlloc                         0x000018a7   Thumb Code   248  rtx_memory.o(i.osRtxMemoryAlloc)
    osRtxMemoryFree                          0x0000199f   Thumb Code   132  rtx_memory.o(i.osRtxMemoryFree)
    osRtxMemoryInit                          0x00001a23   Thumb Code   110  rtx_memory.o(i.osRtxMemoryInit)
    osRtxMemoryPoolAlloc                     0x00001a91   Thumb Code    64  rtx_mempool.o(i.osRtxMemoryPoolAlloc)
    osRtxMemoryPoolFree                      0x00001ad1   Thumb Code    82  rtx_mempool.o(i.osRtxMemoryPoolFree)
    osRtxMemoryPoolInit                      0x00001b23   Thumb Code    96  rtx_mempool.o(i.osRtxMemoryPoolInit)
    osRtxMutexOwnerRelease                   0x00001c95   Thumb Code    94  rtx_mutex.o(i.osRtxMutexOwnerRelease)
    osRtxPendSV_Handler                      0x00001cf5   Thumb Code   128  rtx_system.o(i.osRtxPendSV_Handler)
    osRtxPostProcess                         0x00001d79   Thumb Code    54  rtx_system.o(i.osRtxPostProcess)
    osRtxThreadDelayTick                     0x00001ee9   Thumb Code   222  rtx_thread.o(i.osRtxThreadDelayTick)
    osRtxThreadDispatch                      0x00001fcd   Thumb Code   106  rtx_thread.o(i.osRtxThreadDispatch)
    osRtxThreadListGet                       0x000020b5   Thumb Code    32  rtx_thread.o(i.osRtxThreadListGet)
    osRtxThreadListPut                       0x000020d5   Thumb Code    56  rtx_thread.o(i.osRtxThreadListPut)
    osRtxThreadListRemove                    0x0000210d   Thumb Code    30  rtx_thread.o(i.osRtxThreadListRemove)
    osRtxThreadListSort                      0x0000213f   Thumb Code    46  rtx_thread.o(i.osRtxThreadListSort)
    osRtxThreadReadyPut                      0x000021a1   Thumb Code    18  rtx_thread.o(i.osRtxThreadReadyPut)
    osRtxThreadRegPtr                        0x000021b9   Thumb Code    14  rtx_thread.o(i.osRtxThreadRegPtr)
    osRtxThreadStackCheck                    0x000021d5   Thumb Code    40  rtx_thread.o(i.osRtxThreadStackCheck)
    osRtxThreadStartup                       0x00002201   Thumb Code    88  rtx_thread.o(i.osRtxThreadStartup)
    osRtxThreadSwitch                        0x00002269   Thumb Code    24  rtx_thread.o(i.osRtxThreadSwitch)
    osRtxThreadWaitEnter                     0x00002285   Thumb Code    78  rtx_thread.o(i.osRtxThreadWaitEnter)
    osRtxThreadWaitExit                      0x000022d9   Thumb Code    52  rtx_thread.o(i.osRtxThreadWaitExit)
    osRtxTick_Handler                        0x0000230d   Thumb Code   164  rtx_system.o(i.osRtxTick_Handler)
    osRtxTimerThread                         0x000023b5   Thumb Code    78  rtx_timer.o(i.osRtxTimerThread)
    osThreadExit                             0x00002475   Thumb Code    26  rtx_thread.o(i.osThreadExit)
    osThreadNew                              0x00002495   Thumb Code    72  rtx_thread.o(i.osThreadNew)
    irqRtxLib                                0x00003614   Data           1  irq_cm0.o(.constdata)
    osRtxUserSVC                             0x00003678   Data           4  rtx_lib.o(.constdata)
    osRtxConfig                              0x00003688   Data         104  rtx_lib.o(.rodata)
    Region$$Table$$Base                      0x000036f0   Number         0  anon$$obj.o(Region$$Table)
    Region$$Table$$Limit                     0x00003710   Number         0  anon$$obj.o(Region$$Table)
    .bss.os.msgqueue.cb$$Base                0x20001040   Number         0  rtx_lib.o(.bss.os.msgqueue.cb)
    .bss.os.msgqueue.cb$$Limit               0x20001074   Number         0  rtx_lib.o(.bss.os.msgqueue.cb)
    .bss.os.thread.cb$$Base                  0x200010c4   Number         0  rtx_lib.o(.bss.os.thread.cb)
    .bss.os.thread.cb$$Limit                 0x2000114c   Number         0  rtx_lib.o(.bss.os.thread.cb)
    EventId_UART                             0x20001354   Data           4  rtos.o(.data)
    irqRtxLibRef                             0x20001898   Data           4  rtx_lib.o(.data)
    SystemCoreClock                          0x200018a0   Data           4  system_mdr1986ve1t.o(.data)
    osRtxInfo                                0x200018a4   Data         164  rtx_kernel.o(.data.os)
    __libspace_start                         0x20001948   Data          96  libspace.o(.bss)
    __temporary_stack_top$libspace           0x200019a8   Data           0  libspace.o(.bss)



==============================================================================

Memory Map of the image

  Image Entry point : 0x0000022d

  Load Region LR_1 (Base: 0x00000000, Size: 0x00005058, Max: 0xffffffff, ABSOLUTE, COMPRESSED[0x00003a44])

    Execution Region ER_RO (Exec base: 0x00000000, Load base: 0x00000000, Size: 0x00003710, Max: 0xffffffff, ABSOLUTE)

    Exec Addr    Load Addr    Size         Type   Attr      Idx    E Section Name        Object

    0x00000000   0x00000000   0x000000c0   Data   RO         3165    RESET               startup_mdr1986ve1t.o
    0x000000c0   0x000000c0   0x00000008   Code   RO         3520  * !!!main             c_p.l(__main.o)
    0x000000c8   0x000000c8   0x0000003c   Code   RO         3689    !!!scatter          c_p.l(__scatter.o)
    0x00000104   0x00000104   0x0000001c   Code   RO         3691    !!handler_zi        c_p.l(__scatter_zi.o)
    0x00000120   0x00000120   0x00000002   Code   RO         3556    .ARM.Collect$$libinit$$00000000  c_p.l(libinit.o)
    0x00000122   0x00000122   0x00000000   Code   RO         3570    .ARM.Collect$$libinit$$00000002  c_p.l(libinit2.o)
    0x00000122   0x00000122   0x00000000   Code   RO         3572    .ARM.Collect$$libinit$$00000004  c_p.l(libinit2.o)
    0x00000122   0x00000122   0x00000000   Code   RO         3575    .ARM.Collect$$libinit$$0000000A  c_p.l(libinit2.o)
    0x00000122   0x00000122   0x00000000   Code   RO         3577    .ARM.Collect$$libinit$$0000000C  c_p.l(libinit2.o)
    0x00000122   0x00000122   0x00000000   Code   RO         3579    .ARM.Collect$$libinit$$0000000E  c_p.l(libinit2.o)
    0x00000122   0x00000122   0x00000000   Code   RO         3582    .ARM.Collect$$libinit$$00000011  c_p.l(libinit2.o)
    0x00000122   0x00000122   0x00000000   Code   RO         3584    .ARM.Collect$$libinit$$00000013  c_p.l(libinit2.o)
    0x00000122   0x00000122   0x00000000   Code   RO         3586    .ARM.Collect$$libinit$$00000015  c_p.l(libinit2.o)
    0x00000122   0x00000122   0x00000000   Code   RO         3588    .ARM.Collect$$libinit$$00000017  c_p.l(libinit2.o)
    0x00000122   0x00000122   0x00000000   Code   RO         3590    .ARM.Collect$$libinit$$00000019  c_p.l(libinit2.o)
    0x00000122   0x00000122   0x00000000   Code   RO         3592    .ARM.Collect$$libinit$$0000001B  c_p.l(libinit2.o)
    0x00000122   0x00000122   0x00000000   Code   RO         3594    .ARM.Collect$$libinit$$0000001D  c_p.l(libinit2.o)
    0x00000122   0x00000122   0x00000000   Code   RO         3596    .ARM.Collect$$libinit$$0000001F  c_p.l(libinit2.o)
    0x00000122   0x00000122   0x00000000   Code   RO         3598    .ARM.Collect$$libinit$$00000021  c_p.l(libinit2.o)
    0x00000122   0x00000122   0x00000000   Code   RO         3600    .ARM.Collect$$libinit$$00000023  c_p.l(libinit2.o)
    0x00000122   0x00000122   0x00000000   Code   RO         3602    .ARM.Collect$$libinit$$00000025  c_p.l(libinit2.o)
    0x00000122   0x00000122   0x00000000   Code   RO         3606    .ARM.Collect$$libinit$$0000002C  c_p.l(libinit2.o)
    0x00000122   0x00000122   0x00000000   Code   RO         3608    .ARM.Collect$$libinit$$0000002E  c_p.l(libinit2.o)
    0x00000122   0x00000122   0x00000000   Code   RO         3610    .ARM.Collect$$libinit$$00000030  c_p.l(libinit2.o)
    0x00000122   0x00000122   0x00000000   Code   RO         3612    .ARM.Collect$$libinit$$00000032  c_p.l(libinit2.o)
    0x00000122   0x00000122   0x00000002   Code   RO         3613    .ARM.Collect$$libinit$$00000033  c_p.l(libinit2.o)
    0x00000124   0x00000124   0x00000002   Code   RO         3644    .ARM.Collect$$libshutdown$$00000000  c_p.l(libshutdown.o)
    0x00000126   0x00000126   0x00000000   Code   RO         3670    .ARM.Collect$$libshutdown$$00000002  c_p.l(libshutdown2.o)
    0x00000126   0x00000126   0x00000000   Code   RO         3672    .ARM.Collect$$libshutdown$$00000004  c_p.l(libshutdown2.o)
    0x00000126   0x00000126   0x00000000   Code   RO         3675    .ARM.Collect$$libshutdown$$00000007  c_p.l(libshutdown2.o)
    0x00000126   0x00000126   0x00000000   Code   RO         3678    .ARM.Collect$$libshutdown$$0000000A  c_p.l(libshutdown2.o)
    0x00000126   0x00000126   0x00000000   Code   RO         3680    .ARM.Collect$$libshutdown$$0000000C  c_p.l(libshutdown2.o)
    0x00000126   0x00000126   0x00000000   Code   RO         3683    .ARM.Collect$$libshutdown$$0000000F  c_p.l(libshutdown2.o)
    0x00000126   0x00000126   0x00000002   Code   RO         3684    .ARM.Collect$$libshutdown$$00000010  c_p.l(libshutdown2.o)
    0x00000128   0x00000128   0x00000000   Code   RO         3522    .ARM.Collect$$rtentry$$00000000  c_p.l(__rtentry.o)
    0x00000128   0x00000128   0x00000000   Code   RO         3528    .ARM.Collect$$rtentry$$00000002  c_p.l(__rtentry2.o)
    0x00000128   0x00000128   0x00000006   Code   RO         3540    .ARM.Collect$$rtentry$$00000004  c_p.l(__rtentry4.o)
    0x0000012e   0x0000012e   0x00000008   Code   RO         3529    .ARM.Collect$$rtentry$$00000008  c_p.l(__rtentry2.o)
    0x00000136   0x00000136   0x00000004   Code   RO         3531    .ARM.Collect$$rtentry$$0000000A  c_p.l(__rtentry2.o)
    0x0000013a   0x0000013a   0x00000000   Code   RO         3533    .ARM.Collect$$rtentry$$0000000C  c_p.l(__rtentry2.o)
    0x0000013a   0x0000013a   0x00000008   Code   RO         3534    .ARM.Collect$$rtentry$$0000000D  c_p.l(__rtentry2.o)
    0x00000142   0x00000142   0x00000002   Code   RO         3561    .ARM.Collect$$rtexit$$00000000  c_p.l(rtexit.o)
    0x00000144   0x00000144   0x00000000   Code   RO         3617    .ARM.Collect$$rtexit$$00000002  c_p.l(rtexit2.o)
    0x00000144   0x00000144   0x00000004   Code   RO         3618    .ARM.Collect$$rtexit$$00000003  c_p.l(rtexit2.o)
    0x00000148   0x00000148   0x00000006   Code   RO         3619    .ARM.Collect$$rtexit$$00000004  c_p.l(rtexit2.o)
    0x0000014e   0x0000014e   0x00000002   PAD
    0x00000150   0x00000150   0x00000038   Code   RO         3508    .emb_text           c_p.l(rt_memcpy.o)
    0x00000188   0x00000188   0x000000a4   Code   RO          356    .text               irq_cm0.o
    0x0000022c   0x0000022c   0x0000006c   Code   RO         3166  * .text               startup_mdr1986ve1t.o
    0x00000298   0x00000298   0x00000082   Code   RO         3509    .text               c_p.l(rt_memcpy.o)
    0x0000031a   0x0000031a   0x00000040   Code   RO         3512    .text               c_p.l(rt_memclr.o)
    0x0000035a   0x0000035a   0x0000015a   Code   RO         3514    .text               c_p.l(aeabi_sdiv.o)
    0x000004b4   0x000004b4   0x00000006   Code   RO         3518    .text               c_p.l(heapauxi.o)
    0x000004ba   0x000004ba   0x0000003e   Code   RO         3544    .text               c_p.l(sys_stackheap_outer.o)
    0x000004f8   0x000004f8   0x00000010   Code   RO         3547    .text               c_p.l(exit.o)
    0x00000508   0x00000508   0x00000008   Code   RO         3557    .text               c_p.l(libspace.o)
    0x00000510   0x00000510   0x0000000c   Code   RO         3614    .text               c_p.l(sys_exit.o)
    0x0000051c   0x0000051c   0x00000002   Code   RO         3633    .text               c_p.l(use_no_semi.o)
    0x0000051e   0x0000051e   0x00000000   Code   RO         3635    .text               c_p.l(indicate_semi.o)
    0x0000051e   0x0000051e   0x00000056   Code   RO         3687    .text               c_p.l(__dczerorl2.o)
    0x00000574   0x00000574   0x00000070   Code   RO          123    i.CPU_Init          clk.o
    0x000005e4   0x000005e4   0x00000074   Code   RO          207    i.ClearLCD          lcd.o
    0x00000658   0x00000658   0x00000058   Code   RO          208    i.ClearPage         lcd.o
    0x000006b0   0x000006b0   0x0000001a   Code   RO          209    i.DisplayOnOff      lcd.o
    0x000006ca   0x000006ca   0x00000076   Code   RO          468    i.EventFlagsCheck   rtx_evflags.o
    0x00000740   0x00000740   0x00000020   Code   RO          470    i.EventFlagsSet     rtx_evflags.o
    0x00000760   0x00000760   0x00000002   Code   RO          604    i.EvrRtxEventFlagsCreated  rtx_evr.o
    0x00000762   0x00000762   0x00000002   Code   RO          607    i.EvrRtxEventFlagsError  rtx_evr.o
    0x00000764   0x00000764   0x00000002   Code   RO          610    i.EvrRtxEventFlagsNew  rtx_evr.o
    0x00000766   0x00000766   0x00000002   Code   RO          611    i.EvrRtxEventFlagsSet  rtx_evr.o
    0x00000768   0x00000768   0x00000002   Code   RO          612    i.EvrRtxEventFlagsSetDone  rtx_evr.o
    0x0000076a   0x0000076a   0x00000002   Code   RO          613    i.EvrRtxEventFlagsWait  rtx_evr.o
    0x0000076c   0x0000076c   0x00000002   Code   RO          614    i.EvrRtxEventFlagsWaitCompleted  rtx_evr.o
    0x0000076e   0x0000076e   0x00000002   Code   RO          615    i.EvrRtxEventFlagsWaitNotCompleted  rtx_evr.o
    0x00000770   0x00000770   0x00000002   Code   RO          616    i.EvrRtxEventFlagsWaitPending  rtx_evr.o
    0x00000772   0x00000772   0x00000002   Code   RO          617    i.EvrRtxEventFlagsWaitTimeout  rtx_evr.o
    0x00000774   0x00000774   0x00000002   Code   RO          618    i.EvrRtxKernelError  rtx_evr.o
    0x00000776   0x00000776   0x00000002   Code   RO          620    i.EvrRtxKernelGetState  rtx_evr.o
    0x00000778   0x00000778   0x00000002   Code   RO          626    i.EvrRtxKernelInitialize  rtx_evr.o
    0x0000077a   0x0000077a   0x00000002   Code   RO          627    i.EvrRtxKernelInitialized  rtx_evr.o
    0x0000077c   0x0000077c   0x00000002   Code   RO          634    i.EvrRtxKernelStart  rtx_evr.o
    0x0000077e   0x0000077e   0x00000002   Code   RO          635    i.EvrRtxKernelStarted  rtx_evr.o
    0x00000780   0x00000780   0x00000002   Code   RO          640    i.EvrRtxMemoryAlloc  rtx_evr.o
    0x00000782   0x00000782   0x00000002   Code   RO          641    i.EvrRtxMemoryBlockAlloc  rtx_evr.o
    0x00000784   0x00000784   0x00000002   Code   RO          642    i.EvrRtxMemoryBlockFree  rtx_evr.o
    0x00000786   0x00000786   0x00000002   Code   RO          643    i.EvrRtxMemoryBlockInit  rtx_evr.o
    0x00000788   0x00000788   0x00000002   Code   RO          644    i.EvrRtxMemoryFree  rtx_evr.o
    0x0000078a   0x0000078a   0x00000002   Code   RO          645    i.EvrRtxMemoryInit  rtx_evr.o
    0x0000078c   0x0000078c   0x00000002   Code   RO          649    i.EvrRtxMemoryPoolAllocTimeout  rtx_evr.o
    0x0000078e   0x0000078e   0x00000002   Code   RO          664    i.EvrRtxMessageQueueCreated  rtx_evr.o
    0x00000790   0x00000790   0x00000002   Code   RO          667    i.EvrRtxMessageQueueError  rtx_evr.o
    0x00000792   0x00000792   0x00000002   Code   RO          668    i.EvrRtxMessageQueueGet  rtx_evr.o
    0x00000794   0x00000794   0x00000002   Code   RO          673    i.EvrRtxMessageQueueGetPending  rtx_evr.o
    0x00000796   0x00000796   0x00000002   Code   RO          675    i.EvrRtxMessageQueueGetTimeout  rtx_evr.o
    0x00000798   0x00000798   0x00000002   Code   RO          676    i.EvrRtxMessageQueueInsertPending  rtx_evr.o
    0x0000079a   0x0000079a   0x00000002   Code   RO          677    i.EvrRtxMessageQueueInserted  rtx_evr.o
    0x0000079c   0x0000079c   0x00000002   Code   RO          678    i.EvrRtxMessageQueueNew  rtx_evr.o
    0x0000079e   0x0000079e   0x00000002   Code   RO          679    i.EvrRtxMessageQueueNotInserted  rtx_evr.o
    0x000007a0   0x000007a0   0x00000002   Code   RO          680    i.EvrRtxMessageQueueNotRetrieved  rtx_evr.o
    0x000007a2   0x000007a2   0x00000002   Code   RO          681    i.EvrRtxMessageQueuePut  rtx_evr.o
    0x000007a4   0x000007a4   0x00000002   Code   RO          682    i.EvrRtxMessageQueuePutPending  rtx_evr.o
    0x000007a6   0x000007a6   0x00000002   Code   RO          683    i.EvrRtxMessageQueuePutTimeout  rtx_evr.o
    0x000007a8   0x000007a8   0x00000002   Code   RO          686    i.EvrRtxMessageQueueRetrieved  rtx_evr.o
    0x000007aa   0x000007aa   0x00000002   Code   RO          687    i.EvrRtxMutexAcquire  rtx_evr.o
    0x000007ac   0x000007ac   0x00000002   Code   RO          688    i.EvrRtxMutexAcquirePending  rtx_evr.o
    0x000007ae   0x000007ae   0x00000002   Code   RO          689    i.EvrRtxMutexAcquireTimeout  rtx_evr.o
    0x000007b0   0x000007b0   0x00000002   Code   RO          690    i.EvrRtxMutexAcquired  rtx_evr.o
    0x000007b2   0x000007b2   0x00000002   Code   RO          691    i.EvrRtxMutexCreated  rtx_evr.o
    0x000007b4   0x000007b4   0x00000002   Code   RO          692    i.EvrRtxMutexDelete  rtx_evr.o
    0x000007b6   0x000007b6   0x00000002   Code   RO          693    i.EvrRtxMutexDestroyed  rtx_evr.o
    0x000007b8   0x000007b8   0x00000002   Code   RO          694    i.EvrRtxMutexError  rtx_evr.o
    0x000007ba   0x000007ba   0x00000002   Code   RO          697    i.EvrRtxMutexNew    rtx_evr.o
    0x000007bc   0x000007bc   0x00000002   Code   RO          698    i.EvrRtxMutexNotAcquired  rtx_evr.o
    0x000007be   0x000007be   0x00000002   Code   RO          699    i.EvrRtxMutexRelease  rtx_evr.o
    0x000007c0   0x000007c0   0x00000002   Code   RO          700    i.EvrRtxMutexReleased  rtx_evr.o
    0x000007c2   0x000007c2   0x00000002   Code   RO          703    i.EvrRtxSemaphoreAcquireTimeout  rtx_evr.o
    0x000007c4   0x000007c4   0x00000002   Code   RO          715    i.EvrRtxThreadBlocked  rtx_evr.o
    0x000007c6   0x000007c6   0x00000002   Code   RO          716    i.EvrRtxThreadCreated  rtx_evr.o
    0x000007c8   0x000007c8   0x00000002   Code   RO          718    i.EvrRtxThreadDelayCompleted  rtx_evr.o
    0x000007ca   0x000007ca   0x00000002   Code   RO          720    i.EvrRtxThreadDestroyed  rtx_evr.o
    0x000007cc   0x000007cc   0x00000002   Code   RO          724    i.EvrRtxThreadError  rtx_evr.o
    0x000007ce   0x000007ce   0x00000002   Code   RO          725    i.EvrRtxThreadExit  rtx_evr.o
    0x000007d0   0x000007d0   0x00000002   Code   RO          732    i.EvrRtxThreadFlagsWaitCompleted  rtx_evr.o
    0x000007d2   0x000007d2   0x00000002   Code   RO          735    i.EvrRtxThreadFlagsWaitTimeout  rtx_evr.o
    0x000007d4   0x000007d4   0x00000002   Code   RO          745    i.EvrRtxThreadJoined  rtx_evr.o
    0x000007d6   0x000007d6   0x00000002   Code   RO          746    i.EvrRtxThreadNew   rtx_evr.o
    0x000007d8   0x000007d8   0x00000002   Code   RO          747    i.EvrRtxThreadPreempted  rtx_evr.o
    0x000007da   0x000007da   0x00000002   Code   RO          753    i.EvrRtxThreadSwitched  rtx_evr.o
    0x000007dc   0x000007dc   0x00000002   Code   RO          755    i.EvrRtxThreadUnblocked  rtx_evr.o
    0x000007de   0x000007de   0x00000002   Code   RO          757    i.EvrRtxTimerCallback  rtx_evr.o
    0x000007e0   0x000007e0   0x00000012   Code   RO          471    i.IsIrqMasked       rtx_evflags.o
    0x000007f2   0x000007f2   0x00000012   Code   RO         1621    i.IsIrqMasked       rtx_kernel.o
    0x00000804   0x00000804   0x00000012   Code   RO         2101    i.IsIrqMasked       rtx_msgqueue.o
    0x00000816   0x00000816   0x00000012   Code   RO         2271    i.IsIrqMasked       rtx_mutex.o
    0x00000828   0x00000828   0x00000012   Code   RO         2536    i.IsIrqMasked       rtx_thread.o
    0x0000083a   0x0000083a   0x00000012   Code   RO          472    i.IsIrqMode         rtx_evflags.o
    0x0000084c   0x0000084c   0x00000012   Code   RO         1622    i.IsIrqMode         rtx_kernel.o
    0x0000085e   0x0000085e   0x00000012   Code   RO         2102    i.IsIrqMode         rtx_msgqueue.o
    0x00000870   0x00000870   0x00000012   Code   RO         2272    i.IsIrqMode         rtx_mutex.o
    0x00000882   0x00000882   0x00000012   Code   RO         2537    i.IsIrqMode         rtx_thread.o
    0x00000894   0x00000894   0x00000010   Code   RO         1623    i.IsPrivileged      rtx_kernel.o
    0x000008a4   0x000008a4   0x00000020   Code   RO          210    i.LCDInit           lcd.o
    0x000008c4   0x000008c4   0x00000012   Code   RO          211    i.LCD_Delay         lcd.o
    0x000008d6   0x000008d6   0x00000002   PAD
    0x000008d8   0x000008d8   0x00000040   Code   RO          156    i.LCD_PutSymbol     lcd_b.o
    0x00000918   0x00000918   0x00000104   Code   RO           67    i.LCD_PutSymbolModified  uart.o
    0x00000a1c   0x00000a1c   0x0000000a   Code   RO         1905    i.MemBlockPtr       rtx_memory.o
    0x00000a26   0x00000a26   0x00000048   Code   RO         2103    i.MessageQueueGet   rtx_msgqueue.o
    0x00000a6e   0x00000a6e   0x0000005a   Code   RO         2104    i.MessageQueuePut   rtx_msgqueue.o
    0x00000ac8   0x00000ac8   0x00000026   Code   RO         2105    i.MessageQueueRemove  rtx_msgqueue.o
    0x00000aee   0x00000aee   0x00000002   PAD
    0x00000af0   0x00000af0   0x0000000c   Code   RO         3069    i.OS_Tick_AcknowledgeIRQ  os_systick.o
    0x00000afc   0x00000afc   0x00000030   Code   RO         3071    i.OS_Tick_Enable    os_systick.o
    0x00000b2c   0x00000b2c   0x00000006   Code   RO         3074    i.OS_Tick_GetIRQn   os_systick.o
    0x00000b32   0x00000b32   0x00000002   PAD
    0x00000b34   0x00000b34   0x00000060   Code   RO         3077    i.OS_Tick_Setup     os_systick.o
    0x00000b94   0x00000b94   0x0000000a   Code   RO          212    i.Pause8us          lcd.o
    0x00000b9e   0x00000b9e   0x00000002   PAD
    0x00000ba0   0x00000ba0   0x000000c4   Code   RO          213    i.PortsForLCD       lcd.o
    0x00000c64   0x00000c64   0x00000050   Code   RO          157    i.PrintConstText    lcd_b.o
    0x00000cb4   0x00000cb4   0x00000030   Code   RO          158    i.PrintSymbol       lcd_b.o
    0x00000ce4   0x00000ce4   0x0000002c   Code   RO          135    i.RTOS_Init         rtos.o
    0x00000d10   0x00000d10   0x0000001c   Code   RO          216    i.ResetLCD          lcd.o
    0x00000d2c   0x00000d2c   0x0000002c   Code   RO          217    i.SetAddress        lcd.o
    0x00000d58   0x00000d58   0x0000002c   Code   RO          218    i.SetPage           lcd.o
    0x00000d84   0x00000d84   0x0000002a   Code   RO          219    i.SetStartLine      lcd.o
    0x00000dae   0x00000dae   0x00000016   Code   RO          160    i.StrLen            lcd_b.o
    0x00000dc4   0x00000dc4   0x00000024   Code   RO          220    i.SystemBusInit     lcd.o
    0x00000de8   0x00000de8   0x0000009c   Code   RO         3172    i.SystemCoreClockUpdate  system_mdr1986ve1t.o
    0x00000e84   0x00000e84   0x00000076   Code   RO         2538    i.ThreadFlagsCheck  rtx_thread.o
    0x00000efa   0x00000efa   0x00000002   PAD
    0x00000efc   0x00000efc   0x00000068   Code   RO           68    i.Thread_Typewriter  uart.o
    0x00000f64   0x00000f64   0x00000044   Code   RO         2952    i.TimerInsert       rtx_timer.o
    0x00000fa8   0x00000fa8   0x00000018   Code   RO         2954    i.TimerUnlink       rtx_timer.o
    0x00000fc0   0x00000fc0   0x00000058   Code   RO           69    i.UART1_IRQHandler  uart.o
    0x00001018   0x00001018   0x000000ac   Code   RO           70    i.UART_Init         uart.o
    0x000010c4   0x000010c4   0x0000003c   Code   RO           71    i.UART_PortCfg      uart.o
    0x00001100   0x00001100   0x00000024   Code   RO           72    i.UART_Reset        uart.o
    0x00001124   0x00001124   0x0000002a   Code   RO          221    i.WriteByte         lcd.o
    0x0000114e   0x0000114e   0x0000003a   Code   RO         2091    i.__ARM_clz         rtx_mempool.o
    0x00001188   0x00001188   0x0000001c   Code   RO         2520    i.__ARM_common_switch8  rtx_system.o
    0x000011a4   0x000011a4   0x00000006   Code   RO          473    i.__get_PRIMASK     rtx_evflags.o
    0x000011aa   0x000011aa   0x00000006   Code   RO         2541    i.__get_PRIMASK     rtx_thread.o
    0x000011b0   0x000011b0   0x00000018   Code   RO         1829    i._mutex_acquire    rtx_lib.o
    0x000011c8   0x000011c8   0x0000000c   Code   RO         1830    i._mutex_free       rtx_lib.o
    0x000011d4   0x000011d4   0x00000024   Code   RO         1831    i._mutex_initialize  rtx_lib.o
    0x000011f8   0x000011f8   0x00000014   Code   RO         1832    i._mutex_release    rtx_lib.o
    0x0000120c   0x0000120c   0x00000008   Code   RO         1833    i._platform_post_stackheap_init  rtx_lib.o
    0x00001214   0x00001214   0x00000068   Code   RO          474    i.isrRtxEventFlagsWait  rtx_evflags.o
    0x0000127c   0x0000127c   0x00000086   Code   RO         2106    i.isrRtxMessageQueueGet  rtx_msgqueue.o
    0x00001302   0x00001302   0x0000008a   Code   RO         2107    i.isrRtxMessageQueuePut  rtx_msgqueue.o
    0x0000138c   0x0000138c   0x00000064   Code   RO         2483    i.isr_queue_get     rtx_system.o
    0x000013f0   0x000013f0   0x00000064   Code   RO         2484    i.isr_queue_put     rtx_system.o
    0x00001454   0x00001454   0x0000001a   Code   RO            1    i.main              main.o
    0x0000146e   0x0000146e   0x00000002   PAD
    0x00001470   0x00001470   0x0000003c   Code   RO          479    i.osEventFlagsNew   rtx_evflags.o
    0x000014ac   0x000014ac   0x00000088   Code   RO          480    i.osEventFlagsSet   rtx_evflags.o
    0x00001534   0x00001534   0x00000058   Code   RO          481    i.osEventFlagsWait  rtx_evflags.o
    0x0000158c   0x0000158c   0x00000034   Code   RO         1627    i.osKernelGetState  rtx_kernel.o
    0x000015c0   0x000015c0   0x0000003c   Code   RO         1632    i.osKernelInitialize  rtx_kernel.o
    0x000015fc   0x000015fc   0x00000038   Code   RO         1636    i.osKernelStart     rtx_kernel.o
    0x00001634   0x00001634   0x00000058   Code   RO         2109    i.osMessageQueueGet  rtx_msgqueue.o
    0x0000168c   0x0000168c   0x0000004c   Code   RO         2115    i.osMessageQueueNew  rtx_msgqueue.o
    0x000016d8   0x000016d8   0x00000058   Code   RO         2116    i.osMessageQueuePut  rtx_msgqueue.o
    0x00001730   0x00001730   0x00000044   Code   RO         2273    i.osMutexAcquire    rtx_mutex.o
    0x00001774   0x00001774   0x00000040   Code   RO         2274    i.osMutexDelete     rtx_mutex.o
    0x000017b4   0x000017b4   0x0000003c   Code   RO         2277    i.osMutexNew        rtx_mutex.o
    0x000017f0   0x000017f0   0x00000040   Code   RO         2278    i.osMutexRelease    rtx_mutex.o
    0x00001830   0x00001830   0x00000020   Code   RO         3139    i.osRtxErrorNotify  rtx_config.o
    0x00001850   0x00001850   0x00000042   Code   RO          482    i.osRtxEventFlagsPostProcess  rtx_evflags.o
    0x00001892   0x00001892   0x00000004   Code   RO         3140    i.osRtxIdleThread   rtx_config.o
    0x00001896   0x00001896   0x00000002   PAD
    0x00001898   0x00001898   0x0000000c   Code   RO         2543    i.osRtxKernelGetState  rtx_thread.o
    0x000018a4   0x000018a4   0x00000002   Code   RO         1834    i.osRtxKernelPreInit  rtx_lib.o
    0x000018a6   0x000018a6   0x000000f8   Code   RO         1906    i.osRtxMemoryAlloc  rtx_memory.o
    0x0000199e   0x0000199e   0x00000084   Code   RO         1907    i.osRtxMemoryFree   rtx_memory.o
    0x00001a22   0x00001a22   0x0000006e   Code   RO         1908    i.osRtxMemoryInit   rtx_memory.o
    0x00001a90   0x00001a90   0x00000040   Code   RO         1957    i.osRtxMemoryPoolAlloc  rtx_mempool.o
    0x00001ad0   0x00001ad0   0x00000052   Code   RO         1958    i.osRtxMemoryPoolFree  rtx_mempool.o
    0x00001b22   0x00001b22   0x00000060   Code   RO         1959    i.osRtxMemoryPoolInit  rtx_mempool.o
    0x00001b82   0x00001b82   0x00000112   Code   RO         2118    i.osRtxMessageQueuePostProcess  rtx_msgqueue.o
    0x00001c94   0x00001c94   0x0000005e   Code   RO         2279    i.osRtxMutexOwnerRelease  rtx_mutex.o
    0x00001cf2   0x00001cf2   0x00000002   PAD
    0x00001cf4   0x00001cf4   0x00000084   Code   RO         2485    i.osRtxPendSV_Handler  rtx_system.o
    0x00001d78   0x00001d78   0x00000040   Code   RO         2486    i.osRtxPostProcess  rtx_system.o
    0x00001db8   0x00001db8   0x00000040   Code   RO         2544    i.osRtxThreadBlock  rtx_thread.o
    0x00001df8   0x00001df8   0x00000070   Code   RO         2545    i.osRtxThreadDelayInsert  rtx_thread.o
    0x00001e68   0x00001e68   0x00000080   Code   RO         2546    i.osRtxThreadDelayRemove  rtx_thread.o
    0x00001ee8   0x00001ee8   0x000000e4   Code   RO         2547    i.osRtxThreadDelayTick  rtx_thread.o
    0x00001fcc   0x00001fcc   0x00000070   Code   RO         2548    i.osRtxThreadDispatch  rtx_thread.o
    0x0000203c   0x0000203c   0x0000006c   Code   RO         2549    i.osRtxThreadFree   rtx_thread.o
    0x000020a8   0x000020a8   0x0000000c   Code   RO         2550    i.osRtxThreadGetRunning  rtx_thread.o
    0x000020b4   0x000020b4   0x00000020   Code   RO         2551    i.osRtxThreadListGet  rtx_thread.o
    0x000020d4   0x000020d4   0x00000038   Code   RO         2552    i.osRtxThreadListPut  rtx_thread.o
    0x0000210c   0x0000210c   0x0000001e   Code   RO         2553    i.osRtxThreadListRemove  rtx_thread.o
    0x0000212a   0x0000212a   0x00000014   Code   RO         2554    i.osRtxThreadListRoot  rtx_thread.o
    0x0000213e   0x0000213e   0x0000002e   Code   RO         2555    i.osRtxThreadListSort  rtx_thread.o
    0x0000216c   0x0000216c   0x00000034   Code   RO         2557    i.osRtxThreadPostProcess  rtx_thread.o
    0x000021a0   0x000021a0   0x00000018   Code   RO         2558    i.osRtxThreadReadyPut  rtx_thread.o
    0x000021b8   0x000021b8   0x0000000e   Code   RO         2559    i.osRtxThreadRegPtr  rtx_thread.o
    0x000021c6   0x000021c6   0x00000002   PAD
    0x000021c8   0x000021c8   0x0000000c   Code   RO         2560    i.osRtxThreadSetRunning  rtx_thread.o
    0x000021d4   0x000021d4   0x0000002c   Code   RO         2561    i.osRtxThreadStackCheck  rtx_thread.o
    0x00002200   0x00002200   0x00000068   Code   RO         2562    i.osRtxThreadStartup  rtx_thread.o
    0x00002268   0x00002268   0x0000001c   Code   RO         2563    i.osRtxThreadSwitch  rtx_thread.o
    0x00002284   0x00002284   0x00000054   Code   RO         2564    i.osRtxThreadWaitEnter  rtx_thread.o
    0x000022d8   0x000022d8   0x00000034   Code   RO         2565    i.osRtxThreadWaitExit  rtx_thread.o
    0x0000230c   0x0000230c   0x000000a8   Code   RO         2487    i.osRtxTick_Handler  rtx_system.o
    0x000023b4   0x000023b4   0x0000005c   Code   RO         2955    i.osRtxTimerThread  rtx_timer.o
    0x00002410   0x00002410   0x00000064   Code   RO         2956    i.osRtxTimerTick    rtx_timer.o
    0x00002474   0x00002474   0x00000020   Code   RO         2568    i.osThreadExit      rtx_thread.o
    0x00002494   0x00002494   0x0000004c   Code   RO         2581    i.osThreadNew       rtx_thread.o
    0x000024e0   0x000024e0   0x00000024   Code   RO         1835    i.os_kernel_is_active  rtx_lib.o
    0x00002504   0x00002504   0x000000ac   Code   RO          487    i.svcRtxEventFlagsNew  rtx_evflags.o
    0x000025b0   0x000025b0   0x000000a4   Code   RO          488    i.svcRtxEventFlagsSet  rtx_evflags.o
    0x00002654   0x00002654   0x000000c4   Code   RO          489    i.svcRtxEventFlagsWait  rtx_evflags.o
    0x00002718   0x00002718   0x00000018   Code   RO         1641    i.svcRtxKernelGetState  rtx_kernel.o
    0x00002730   0x00002730   0x00000294   Code   RO         1646    i.svcRtxKernelInitialize  rtx_kernel.o
    0x000029c4   0x000029c4   0x000000d4   Code   RO         1650    i.svcRtxKernelStart  rtx_kernel.o
    0x00002a98   0x00002a98   0x00000144   Code   RO         2120    i.svcRtxMessageQueueGet  rtx_msgqueue.o
    0x00002bdc   0x00002bdc   0x000001bc   Code   RO         2126    i.svcRtxMessageQueueNew  rtx_msgqueue.o
    0x00002d98   0x00002d98   0x00000130   Code   RO         2127    i.svcRtxMessageQueuePut  rtx_msgqueue.o
    0x00002ec8   0x00002ec8   0x00000114   Code   RO         2280    i.svcRtxMutexAcquire  rtx_mutex.o
    0x00002fdc   0x00002fdc   0x000000fc   Code   RO         2281    i.svcRtxMutexDelete  rtx_mutex.o
    0x000030d8   0x000030d8   0x000000b4   Code   RO         2284    i.svcRtxMutexNew    rtx_mutex.o
    0x0000318c   0x0000318c   0x0000011c   Code   RO         2285    i.svcRtxMutexRelease  rtx_mutex.o
    0x000032a8   0x000032a8   0x000000a0   Code   RO         2589    i.svcRtxThreadExit  rtx_thread.o
    0x00003348   0x00003348   0x000002a8   Code   RO         2602    i.svcRtxThreadNew   rtx_thread.o
    0x000035f0   0x000035f0   0x00000024   Data   RO          136    .constdata          rtos.o
    0x00003614   0x00003614   0x00000001   Data   RO          355    .constdata          irq_cm0.o
    0x00003615   0x00003615   0x00000003   PAD
    0x00003618   0x00003618   0x00000064   Data   RO         1842    .constdata          rtx_lib.o
    0x0000367c   0x0000367c   0x0000000b   Data   RO         1653    .conststrlit        rtx_kernel.o
    0x00003687   0x00003687   0x00000001   PAD
    0x00003688   0x00003688   0x00000068   Data   RO         1844    .rodata             rtx_lib.o
    0x000036f0   0x000036f0   0x00000020   Data   RO         3685    Region$$Table       anon$$obj.o


    Execution Region ER_RW (Exec base: 0x20000000, Load base: 0x00003710, Size: 0x00001948, Max: 0xffffffff, ABSOLUTE, COMPRESSED[0x00000334])

    Exec Addr    Load Addr    Size         Type   Attr      Idx    E Section Name        Object

    0x20000000   COMPRESSED   0x00001040   Data   RW         1836    .bss.os             rtx_lib.o
    0x20001040   COMPRESSED   0x00000034   Data   RW         1838    .bss.os.msgqueue.cb  rtx_lib.o
    0x20001074   COMPRESSED   0x00000050   Data   RW         1839    .bss.os.msgqueue.mem  rtx_lib.o
    0x200010c4   COMPRESSED   0x00000088   Data   RW         1840    .bss.os.thread.cb   rtx_lib.o
    0x2000114c   COMPRESSED   0x00000004   PAD
    0x20001150   COMPRESSED   0x00000200   Data   RW         1841    .bss.os.thread.stack  rtx_lib.o
    0x20001350   COMPRESSED   0x00000002   Data   RW           73    .data               uart.o
    0x20001352   COMPRESSED   0x00000002   PAD
    0x20001354   COMPRESSED   0x00000004   Data   RW          137    .data               rtos.o
    0x20001358   COMPRESSED   0x00000540   Data   RW          161    .data               lcd_b.o
    0x20001898   COMPRESSED   0x00000005   Data   RW         1843    .data               rtx_lib.o
    0x2000189d   COMPRESSED   0x00000001   Data   RW         3078    .data               os_systick.o
    0x2000189e   COMPRESSED   0x00000002   PAD
    0x200018a0   COMPRESSED   0x00000004   Data   RW         3174    .data               system_mdr1986ve1t.o
    0x200018a4   COMPRESSED   0x000000a4   Data   RW         1654    .data.os            rtx_kernel.o


    Execution Region ER_ZI (Exec base: 0x20001948, Load base: 0x00003a44, Size: 0x00002060, Max: 0xffffffff, ABSOLUTE)

    Exec Addr    Load Addr    Size         Type   Attr      Idx    E Section Name        Object

    0x20001948        -       0x00000060   Zero   RW         3558    .bss                c_p.l(libspace.o)
    0x200019a8        -       0x00001000   Zero   RW         3164    HEAP                startup_mdr1986ve1t.o
    0x200029a8        -       0x00001000   Zero   RW         3163    STACK               startup_mdr1986ve1t.o


==============================================================================

Image component sizes


      Code (inc. data)   RO Data    RW Data    ZI Data      Debug   Object Name

       112         14          0          0          0        487   clk.o
       164          8          1          0          0        672   irq_cm0.o
       722         48          0          0          0       6874   lcd.o
       214          8          0       1344          0       3208   lcd_b.o
        26          0          0          0          0      80523   main.o
       162         40          0          1          0       2276   os_systick.o
        44         12         36          4          0       1007   rtos.o
        36          8          0          0          0       1053   rtx_config.o
         0          0          0          0          0      15863   rtx_delay.o
      1178         26          0          0          0      13159   rtx_evflags.o
       128          0          0          0          0      34647   rtx_evr.o
      1116         44         11        164          0      21077   rtx_kernel.o
       138          6        204       4945          0      12188   rtx_lib.o
       500          0          0          0          0       4039   rtx_memory.o
       300          0          0          0          0       2727   rtx_mempool.o
      2106         34          0          0          0      19284   rtx_msgqueue.o
      1378         42          0          0          0      11504   rtx_mutex.o
       592         40          0          0          0      10833   rtx_system.o
      2482        126          0          0          0      25458   rtx_thread.o
       284         28          0          0          0       3151   rtx_timer.o
       108         24        192          0       8192       1992   startup_mdr1986ve1t.o
       156         16          0          4          0        990   system_mdr1986ve1t.o
       720         76          0          2          0      18414   uart.o

    ----------------------------------------------------------------------
     12684        600        480       6472       8192     291426   Object Totals
         0          0         32          0          0          0   (incl. Generated)
        18          0          4          8          0          0   (incl. Padding)

    ----------------------------------------------------------------------

      Code (inc. data)   RO Data    RW Data    ZI Data      Debug   Library Member Name

        86          0          0          0          0          0   __dczerorl2.o
         8          0          0          0          0         68   __main.o
         0          0          0          0          0          0   __rtentry.o
        20          0          0          0          0          0   __rtentry2.o
         6          0          0          0          0          0   __rtentry4.o
        60          8          0          0          0          0   __scatter.o
        28          0          0          0          0          0   __scatter_zi.o
       346          0          0          0          0         92   aeabi_sdiv.o
        16          0          0          0          0         68   exit.o
         6          0          0          0          0        136   heapauxi.o
         0          0          0          0          0          0   indicate_semi.o
         2          0          0          0          0          0   libinit.o
         2          0          0          0          0          0   libinit2.o
         2          0          0          0          0          0   libshutdown.o
         2          0          0          0          0          0   libshutdown2.o
         8          4          0          0         96         68   libspace.o
        64          0          0          0          0        108   rt_memclr.o
       186          0          0          0          0        144   rt_memcpy.o
         2          0          0          0          0          0   rtexit.o
        10          0          0          0          0          0   rtexit2.o
        12          4          0          0          0         60   sys_exit.o
        62          0          0          0          0         80   sys_stackheap_outer.o
         2          0          0          0          0         68   use_no_semi.o

    ----------------------------------------------------------------------
       932         16          0          0         96        892   Library Totals
         2          0          0          0          0          0   (incl. Padding)

    ----------------------------------------------------------------------

      Code (inc. data)   RO Data    RW Data    ZI Data      Debug   Library Name

       930         16          0          0         96        892   c_p.l

    ----------------------------------------------------------------------
       932         16          0          0         96        892   Library Totals

    ----------------------------------------------------------------------

==============================================================================


      Code (inc. data)   RO Data    RW Data    ZI Data      Debug   

     13616        616        480       6472       8288     283362   Grand Totals
     13616        616        480        820       8288     283362   ELF Image Totals (compressed)
     13616        616        480        820          0          0   ROM Totals

==============================================================================

    Total RO  Size (Code + RO Data)                14096 (  13.77kB)
    Total RW  Size (RW Data + ZI Data)             14760 (  14.41kB)
    Total ROM Size (Code + RO Data + RW Data)      14916 (  14.57kB)

==============================================================================

